10:59:40 **** Build of configuration Debug for project TIMER_INTERUPT ****
make -j16 all 
arm-none-eabi-gcc "../Drivers/STM32F1xx_HAL_Driver/Src/stm32f1xx_hal.c" -mcpu=cortex-m3 -std=gnu11 -g3 -DDEBUG -DUSE_HAL_DRIVER -DSTM32F103x6 -c -I../Core/Inc -I../Drivers/STM32F1xx_HAL_Driver/Inc -I../Drivers/STM32F1xx_HAL_Driver/Inc/Legacy -I../Drivers/CMSIS/Device/ST/STM32F1xx/Include -I../Drivers/CMSIS/Include -O0 -ffunction-sections -fdata-sections -Wall -fstack-usage -MMD -MP -MF"Drivers/STM32F1xx_HAL_Driver/Src/stm32f1xx_hal.d" -MT"Drivers/STM32F1xx_HAL_Driver/Src/stm32f1xx_hal.o" --specs=nano.specs -mfloat-abi=soft -mthumb -o "Drivers/STM32F1xx_HAL_Driver/Src/stm32f1xx_hal.o"
arm-none-eabi-gcc "../Drivers/STM32F1xx_HAL_Driver/Src/stm32f1xx_hal_cortex.c" -mcpu=cortex-m3 -std=gnu11 -g3 -DDEBUG -DUSE_HAL_DRIVER -DSTM32F103x6 -c -I../Core/Inc -I../Drivers/STM32F1xx_HAL_Driver/Inc -I../Drivers/STM32F1xx_HAL_Driver/Inc/Legacy -I../Drivers/CMSIS/Device/ST/STM32F1xx/Include -I../Drivers/CMSIS/Include -O0 -ffunction-sections -fdata-sections -Wall -fstack-usage -MMD -MP -MF"Drivers/STM32F1xx_HAL_Driver/Src/stm32f1xx_hal_cortex.d" -MT"Drivers/STM32F1xx_HAL_Driver/Src/stm32f1xx_hal_cortex.o" --specs=nano.specs -mfloat-abi=soft -mthumb -o "Drivers/STM32F1xx_HAL_Driver/Src/stm32f1xx_hal_cortex.o"
arm-none-eabi-gcc "../Drivers/STM32F1xx_HAL_Driver/Src/stm32f1xx_hal_dma.c" -mcpu=cortex-m3 -std=gnu11 -g3 -DDEBUG -DUSE_HAL_DRIVER -DSTM32F103x6 -c -I../Core/Inc -I../Drivers/STM32F1xx_HAL_Driver/Inc -I../Drivers/STM32F1xx_HAL_Driver/Inc/Legacy -I../Drivers/CMSIS/Device/ST/STM32F1xx/Include -I../Drivers/CMSIS/Include -O0 -ffunction-sections -fdata-sections -Wall -fstack-usage -MMD -MP -MF"Drivers/STM32F1xx_HAL_Driver/Src/stm32f1xx_hal_dma.d" -MT"Drivers/STM32F1xx_HAL_Driver/Src/stm32f1xx_hal_dma.o" --specs=nano.specs -mfloat-abi=soft -mthumb -o "Drivers/STM32F1xx_HAL_Driver/Src/stm32f1xx_hal_dma.o"
arm-none-eabi-gcc "../Drivers/STM32F1xx_HAL_Driver/Src/stm32f1xx_hal_exti.c" -mcpu=cortex-m3 -std=gnu11 -g3 -DDEBUG -DUSE_HAL_DRIVER -DSTM32F103x6 -c -I../Core/Inc -I../Drivers/STM32F1xx_HAL_Driver/Inc -I../Drivers/STM32F1xx_HAL_Driver/Inc/Legacy -I../Drivers/CMSIS/Device/ST/STM32F1xx/Include -I../Drivers/CMSIS/Include -O0 -ffunction-sections -fdata-sections -Wall -fstack-usage -MMD -MP -MF"Drivers/STM32F1xx_HAL_Driver/Src/stm32f1xx_hal_exti.d" -MT"Drivers/STM32F1xx_HAL_Driver/Src/stm32f1xx_hal_exti.o" --specs=nano.specs -mfloat-abi=soft -mthumb -o "Drivers/STM32F1xx_HAL_Driver/Src/stm32f1xx_hal_exti.o"
arm-none-eabi-gcc "../Drivers/STM32F1xx_HAL_Driver/Src/stm32f1xx_hal_flash.c" -mcpu=cortex-m3 -std=gnu11 -g3 -DDEBUG -DUSE_HAL_DRIVER -DSTM32F103x6 -c -I../Core/Inc -I../Drivers/STM32F1xx_HAL_Driver/Inc -I../Drivers/STM32F1xx_HAL_Driver/Inc/Legacy -I../Drivers/CMSIS/Device/ST/STM32F1xx/Include -I../Drivers/CMSIS/Include -O0 -ffunction-sections -fdata-sections -Wall -fstack-usage -MMD -MP -MF"Drivers/STM32F1xx_HAL_Driver/Src/stm32f1xx_hal_flash.d" -MT"Drivers/STM32F1xx_HAL_Driver/Src/stm32f1xx_hal_flash.o" --specs=nano.specs -mfloat-abi=soft -mthumb -o "Drivers/STM32F1xx_HAL_Driver/Src/stm32f1xx_hal_flash.o"
arm-none-eabi-gcc "../Drivers/STM32F1xx_HAL_Driver/Src/stm32f1xx_hal_flash_ex.c" -mcpu=cortex-m3 -std=gnu11 -g3 -DDEBUG -DUSE_HAL_DRIVER -DSTM32F103x6 -c -I../Core/Inc -I../Drivers/STM32F1xx_HAL_Driver/Inc -I../Drivers/STM32F1xx_HAL_Driver/Inc/Legacy -I../Drivers/CMSIS/Device/ST/STM32F1xx/Include -I../Drivers/CMSIS/Include -O0 -ffunction-sections -fdata-sections -Wall -fstack-usage -MMD -MP -MF"Drivers/STM32F1xx_HAL_Driver/Src/stm32f1xx_hal_flash_ex.d" -MT"Drivers/STM32F1xx_HAL_Driver/Src/stm32f1xx_hal_flash_ex.o" --specs=nano.specs -mfloat-abi=soft -mthumb -o "Drivers/STM32F1xx_HAL_Driver/Src/stm32f1xx_hal_flash_ex.o"
arm-none-eabi-gcc "../Drivers/STM32F1xx_HAL_Driver/Src/stm32f1xx_hal_gpio.c" -mcpu=cortex-m3 -std=gnu11 -g3 -DDEBUG -DUSE_HAL_DRIVER -DSTM32F103x6 -c -I../Core/Inc -I../Drivers/STM32F1xx_HAL_Driver/Inc -I../Drivers/STM32F1xx_HAL_Driver/Inc/Legacy -I../Drivers/CMSIS/Device/ST/STM32F1xx/Include -I../Drivers/CMSIS/Include -O0 -ffunction-sections -fdata-sections -Wall -fstack-usage -MMD -MP -MF"Drivers/STM32F1xx_HAL_Driver/Src/stm32f1xx_hal_gpio.d" -MT"Drivers/STM32F1xx_HAL_Driver/Src/stm32f1xx_hal_gpio.o" --specs=nano.specs -mfloat-abi=soft -mthumb -o "Drivers/STM32F1xx_HAL_Driver/Src/stm32f1xx_hal_gpio.o"
arm-none-eabi-gcc "../Drivers/STM32F1xx_HAL_Driver/Src/stm32f1xx_hal_gpio_ex.c" -mcpu=cortex-m3 -std=gnu11 -g3 -DDEBUG -DUSE_HAL_DRIVER -DSTM32F103x6 -c -I../Core/Inc -I../Drivers/STM32F1xx_HAL_Driver/Inc -I../Drivers/STM32F1xx_HAL_Driver/Inc/Legacy -I../Drivers/CMSIS/Device/ST/STM32F1xx/Include -I../Drivers/CMSIS/Include -O0 -ffunction-sections -fdata-sections -Wall -fstack-usage -MMD -MP -MF"Drivers/STM32F1xx_HAL_Driver/Src/stm32f1xx_hal_gpio_ex.d" -MT"Drivers/STM32F1xx_HAL_Driver/Src/stm32f1xx_hal_gpio_ex.o" --specs=nano.specs -mfloat-abi=soft -mthumb -o "Drivers/STM32F1xx_HAL_Driver/Src/stm32f1xx_hal_gpio_ex.o"
arm-none-eabi-gcc "../Drivers/STM32F1xx_HAL_Driver/Src/stm32f1xx_hal_pwr.c" -mcpu=cortex-m3 -std=gnu11 -g3 -DDEBUG -DUSE_HAL_DRIVER -DSTM32F103x6 -c -I../Core/Inc -I../Drivers/STM32F1xx_HAL_Driver/Inc -I../Drivers/STM32F1xx_HAL_Driver/Inc/Legacy -I../Drivers/CMSIS/Device/ST/STM32F1xx/Include -I../Drivers/CMSIS/Include -O0 -ffunction-sections -fdata-sections -Wall -fstack-usage -MMD -MP -MF"Drivers/STM32F1xx_HAL_Driver/Src/stm32f1xx_hal_pwr.d" -MT"Drivers/STM32F1xx_HAL_Driver/Src/stm32f1xx_hal_pwr.o" --specs=nano.specs -mfloat-abi=soft -mthumb -o "Drivers/STM32F1xx_HAL_Driver/Src/stm32f1xx_hal_pwr.o"
arm-none-eabi-gcc "../Drivers/STM32F1xx_HAL_Driver/Src/stm32f1xx_hal_rcc.c" -mcpu=cortex-m3 -std=gnu11 -g3 -DDEBUG -DUSE_HAL_DRIVER -DSTM32F103x6 -c -I../Core/Inc -I../Drivers/STM32F1xx_HAL_Driver/Inc -I../Drivers/STM32F1xx_HAL_Driver/Inc/Legacy -I../Drivers/CMSIS/Device/ST/STM32F1xx/Include -I../Drivers/CMSIS/Include -O0 -ffunction-sections -fdata-sections -Wall -fstack-usage -MMD -MP -MF"Drivers/STM32F1xx_HAL_Driver/Src/stm32f1xx_hal_rcc.d" -MT"Drivers/STM32F1xx_HAL_Driver/Src/stm32f1xx_hal_rcc.o" --specs=nano.specs -mfloat-abi=soft -mthumb -o "Drivers/STM32F1xx_HAL_Driver/Src/stm32f1xx_hal_rcc.o"
arm-none-eabi-gcc "../Drivers/STM32F1xx_HAL_Driver/Src/stm32f1xx_hal_rcc_ex.c" -mcpu=cortex-m3 -std=gnu11 -g3 -DDEBUG -DUSE_HAL_DRIVER -DSTM32F103x6 -c -I../Core/Inc -I../Drivers/STM32F1xx_HAL_Driver/Inc -I../Drivers/STM32F1xx_HAL_Driver/Inc/Legacy -I../Drivers/CMSIS/Device/ST/STM32F1xx/Include -I../Drivers/CMSIS/Include -O0 -ffunction-sections -fdata-sections -Wall -fstack-usage -MMD -MP -MF"Drivers/STM32F1xx_HAL_Driver/Src/stm32f1xx_hal_rcc_ex.d" -MT"Drivers/STM32F1xx_HAL_Driver/Src/stm32f1xx_hal_rcc_ex.o" --specs=nano.specs -mfloat-abi=soft -mthumb -o "Drivers/STM32F1xx_HAL_Driver/Src/stm32f1xx_hal_rcc_ex.o"
arm-none-eabi-gcc "../Drivers/STM32F1xx_HAL_Driver/Src/stm32f1xx_hal_tim.c" -mcpu=cortex-m3 -std=gnu11 -g3 -DDEBUG -DUSE_HAL_DRIVER -DSTM32F103x6 -c -I../Core/Inc -I../Drivers/STM32F1xx_HAL_Driver/Inc -I../Drivers/STM32F1xx_HAL_Driver/Inc/Legacy -I../Drivers/CMSIS/Device/ST/STM32F1xx/Include -I../Drivers/CMSIS/Include -O0 -ffunction-sections -fdata-sections -Wall -fstack-usage -MMD -MP -MF"Drivers/STM32F1xx_HAL_Driver/Src/stm32f1xx_hal_tim.d" -MT"Drivers/STM32F1xx_HAL_Driver/Src/stm32f1xx_hal_tim.o" --specs=nano.specs -mfloat-abi=soft -mthumb -o "Drivers/STM32F1xx_HAL_Driver/Src/stm32f1xx_hal_tim.o"
arm-none-eabi-gcc "../Drivers/STM32F1xx_HAL_Driver/Src/stm32f1xx_hal_tim_ex.c" -mcpu=cortex-m3 -std=gnu11 -g3 -DDEBUG -DUSE_HAL_DRIVER -DSTM32F103x6 -c -I../Core/Inc -I../Drivers/STM32F1xx_HAL_Driver/Inc -I../Drivers/STM32F1xx_HAL_Driver/Inc/Legacy -I../Drivers/CMSIS/Device/ST/STM32F1xx/Include -I../Drivers/CMSIS/Include -O0 -ffunction-sections -fdata-sections -Wall -fstack-usage -MMD -MP -MF"Drivers/STM32F1xx_HAL_Driver/Src/stm32f1xx_hal_tim_ex.d" -MT"Drivers/STM32F1xx_HAL_Driver/Src/stm32f1xx_hal_tim_ex.o" --specs=nano.specs -mfloat-abi=soft -mthumb -o "Drivers/STM32F1xx_HAL_Driver/Src/stm32f1xx_hal_tim_ex.o"
arm-none-eabi-gcc -mcpu=cortex-m3 -g3 -DDEBUG -c -x assembler-with-cpp -MMD -MP -MF"Core/Startup/startup_stm32f103c6ux.d" -MT"Core/Startup/startup_stm32f103c6ux.o" --specs=nano.specs -mfloat-abi=soft -mthumb -o "Core/Startup/startup_stm32f103c6ux.o" "../Core/Startup/startup_stm32f103c6ux.s"
arm-none-eabi-gcc "../Core/Src/Ex1.c" -mcpu=cortex-m3 -std=gnu11 -g3 -DDEBUG -DUSE_HAL_DRIVER -DSTM32F103x6 -c -I../Core/Inc -I../Drivers/STM32F1xx_HAL_Driver/Inc -I../Drivers/STM32F1xx_HAL_Driver/Inc/Legacy -I../Drivers/CMSIS/Device/ST/STM32F1xx/Include -I../Drivers/CMSIS/Include -O0 -ffunction-sections -fdata-sections -Wall -fstack-usage -MMD -MP -MF"Core/Src/Ex1.d" -MT"Core/Src/Ex1.o" --specs=nano.specs -mfloat-abi=soft -mthumb -o "Core/Src/Ex1.o"
arm-none-eabi-gcc "../Core/Src/main.c" -mcpu=cortex-m3 -std=gnu11 -g3 -DDEBUG -DUSE_HAL_DRIVER -DSTM32F103x6 -c -I../Core/Inc -I../Drivers/STM32F1xx_HAL_Driver/Inc -I../Drivers/STM32F1xx_HAL_Driver/Inc/Legacy -I../Drivers/CMSIS/Device/ST/STM32F1xx/Include -I../Drivers/CMSIS/Include -O0 -ffunction-sections -fdata-sections -Wall -fstack-usage -MMD -MP -MF"Core/Src/main.d" -MT"Core/Src/main.o" --specs=nano.specs -mfloat-abi=soft -mthumb -o "Core/Src/main.o"
../Core/Src/main.c:238:6: warning: 'Error_Handler' defined but not used [-Wunused-function]
  238 | void Error_Handler(void)
      |      ^~~~~~~~~~~~~
arm-none-eabi-gcc "../Core/Src/stm32f1xx_hal_msp.c" -mcpu=cortex-m3 -std=gnu11 -g3 -DDEBUG -DUSE_HAL_DRIVER -DSTM32F103x6 -c -I../Core/Inc -I../Drivers/STM32F1xx_HAL_Driver/Inc -I../Drivers/STM32F1xx_HAL_Driver/Inc/Legacy -I../Drivers/CMSIS/Device/ST/STM32F1xx/Include -I../Drivers/CMSIS/Include -O0 -ffunction-sections -fdata-sections -Wall -fstack-usage -MMD -MP -MF"Core/Src/stm32f1xx_hal_msp.d" -MT"Core/Src/stm32f1xx_hal_msp.o" --specs=nano.specs -mfloat-abi=soft -mthumb -o "Core/Src/stm32f1xx_hal_msp.o"
arm-none-eabi-gcc "../Core/Src/stm32f1xx_it.c" -mcpu=cortex-m3 -std=gnu11 -g3 -DDEBUG -DUSE_HAL_DRIVER -DSTM32F103x6 -c -I../Core/Inc -I../Drivers/STM32F1xx_HAL_Driver/Inc -I../Drivers/STM32F1xx_HAL_Driver/Inc/Legacy -I../Drivers/CMSIS/Device/ST/STM32F1xx/Include -I../Drivers/CMSIS/Include -O0 -ffunction-sections -fdata-sections -Wall -fstack-usage -MMD -MP -MF"Core/Src/stm32f1xx_it.d" -MT"Core/Src/stm32f1xx_it.o" --specs=nano.specs -mfloat-abi=soft -mthumb -o "Core/Src/stm32f1xx_it.o"
arm-none-eabi-gcc "../Core/Src/syscalls.c" -mcpu=cortex-m3 -std=gnu11 -g3 -DDEBUG -DUSE_HAL_DRIVER -DSTM32F103x6 -c -I../Core/Inc -I../Drivers/STM32F1xx_HAL_Driver/Inc -I../Drivers/STM32F1xx_HAL_Driver/Inc/Legacy -I../Drivers/CMSIS/Device/ST/STM32F1xx/Include -I../Drivers/CMSIS/Include -O0 -ffunction-sections -fdata-sections -Wall -fstack-usage -MMD -MP -MF"Core/Src/syscalls.d" -MT"Core/Src/syscalls.o" --specs=nano.specs -mfloat-abi=soft -mthumb -o "Core/Src/syscalls.o"
arm-none-eabi-gcc "../Core/Src/sysmem.c" -mcpu=cortex-m3 -std=gnu11 -g3 -DDEBUG -DUSE_HAL_DRIVER -DSTM32F103x6 -c -I../Core/Inc -I../Drivers/STM32F1xx_HAL_Driver/Inc -I../Drivers/STM32F1xx_HAL_Driver/Inc/Legacy -I../Drivers/CMSIS/Device/ST/STM32F1xx/Include -I../Drivers/CMSIS/Include -O0 -ffunction-sections -fdata-sections -Wall -fstack-usage -MMD -MP -MF"Core/Src/sysmem.d" -MT"Core/Src/sysmem.o" --specs=nano.specs -mfloat-abi=soft -mthumb -o "Core/Src/sysmem.o"
arm-none-eabi-gcc "../Core/Src/system_stm32f1xx.c" -mcpu=cortex-m3 -std=gnu11 -g3 -DDEBUG -DUSE_HAL_DRIVER -DSTM32F103x6 -c -I../Core/Inc -I../Drivers/STM32F1xx_HAL_Driver/Inc -I../Drivers/STM32F1xx_HAL_Driver/Inc/Legacy -I../Drivers/CMSIS/Device/ST/STM32F1xx/Include -I../Drivers/CMSIS/Include -O0 -ffunction-sections -fdata-sections -Wall -fstack-usage -MMD -MP -MF"Core/Src/system_stm32f1xx.d" -MT"Core/Src/system_stm32f1xx.o" --specs=nano.specs -mfloat-abi=soft -mthumb -o "Core/Src/system_stm32f1xx.o"
arm-none-eabi-gcc -o "TIMER_INTERUPT.elf" @"objects.list"   -mcpu=cortex-m3 -T"C:\WORKS\Third_Year\Sem_1\VI_XL\LAB2\TIMER_INTERUPT\STM32F103C6UX_FLASH.ld" --specs=nosys.specs -Wl,-Map="TIMER_INTERUPT.map" -Wl,--gc-sections -static --specs=nano.specs -mfloat-abi=soft -mthumb -Wl,--start-group -lc -lm -Wl,--end-group
c:\st\stm32cubeide_1.7.0\stm32cubeide\plugins\com.st.stm32cube.ide.mcu.externaltools.gnu-tools-for-stm32.9-2020-q2-update.win32_2.0.0.202105311346\tools\arm-none-eabi\bin\ld.exe: ./Core/Src/main.o: in function `display7SEG':
C:/WORKS/Third_Year/Sem_1/VI_XL/LAB2/TIMER_INTERUPT/Debug/../Core/Src/Ex1.c:9: multiple definition of `display7SEG'; ./Core/Src/Ex1.o:C:/WORKS/Third_Year/Sem_1/VI_XL/LAB2/TIMER_INTERUPT/Debug/../Core/Src/Ex1.c:9: first defined here
c:\st\stm32cubeide_1.7.0\stm32cubeide\plugins\com.st.stm32cube.ide.mcu.externaltools.gnu-tools-for-stm32.9-2020-q2-update.win32_2.0.0.202105311346\tools\arm-none-eabi\bin\ld.exe: ./Core/Src/main.o: in function `SystemClock_Config':
C:/WORKS/Third_Year/Sem_1/VI_XL/LAB2/TIMER_INTERUPT/Debug/../Core/Src/main.c:124: undefined reference to `Error_Handler'
c:\st\stm32cubeide_1.7.0\stm32cubeide\plugins\com.st.stm32cube.ide.mcu.externaltools.gnu-tools-for-stm32.9-2020-q2-update.win32_2.0.0.202105311346\tools\arm-none-eabi\bin\ld.exe: C:/WORKS/Third_Year/Sem_1/VI_XL/LAB2/TIMER_INTERUPT/Debug/../Core/Src/main.c:137: undefined reference to `Error_Handler'
c:\st\stm32cubeide_1.7.0\stm32cubeide\plugins\com.st.stm32cube.ide.mcu.externaltools.gnu-tools-for-stm32.9-2020-q2-update.win32_2.0.0.202105311346\tools\arm-none-eabi\bin\ld.exe: ./Core/Src/main.o: in function `MX_TIM2_Init':
C:/WORKS/Third_Year/Sem_1/VI_XL/LAB2/TIMER_INTERUPT/Debug/../Core/Src/main.c:167: undefined reference to `Error_Handler'
c:\st\stm32cubeide_1.7.0\stm32cubeide\plugins\com.st.stm32cube.ide.mcu.externaltools.gnu-tools-for-stm32.9-2020-q2-update.win32_2.0.0.202105311346\tools\arm-none-eabi\bin\ld.exe: C:/WORKS/Third_Year/Sem_1/VI_XL/LAB2/TIMER_INTERUPT/Debug/../Core/Src/main.c:172: undefined reference to `Error_Handler'
c:\st\stm32cubeide_1.7.0\stm32cubeide\plugins\com.st.stm32cube.ide.mcu.externaltools.gnu-tools-for-stm32.9-2020-q2-update.win32_2.0.0.202105311346\tools\arm-none-eabi\bin\ld.exe: C:/WORKS/Third_Year/Sem_1/VI_XL/LAB2/TIMER_INTERUPT/Debug/../Core/Src/main.c:178: undefined reference to `Error_Handler'
collect2.exe: error: ld returned 1 exit status
make: *** [makefile:65: TIMER_INTERUPT.elf] Error 1
"make -j16 all" terminated with exit code 2. Build might be incomplete.
11:03:42 **** Incremental Build of configuration Debug for project TIMER_INTERUPT ****
make -j16 all 
arm-none-eabi-gcc "../Core/Src/main.c" -mcpu=cortex-m3 -std=gnu11 -g3 -DDEBUG -DUSE_HAL_DRIVER -DSTM32F103x6 -c -I../Core/Inc -I../Drivers/STM32F1xx_HAL_Driver/Inc -I../Drivers/STM32F1xx_HAL_Driver/Inc/Legacy -I../Drivers/CMSIS/Device/ST/STM32F1xx/Include -I../Drivers/CMSIS/Include -O0 -ffunction-sections -fdata-sections -Wall -fstack-usage -MMD -MP -MF"Core/Src/main.d" -MT"Core/Src/main.o" --specs=nano.specs -mfloat-abi=soft -mthumb -o "Core/Src/main.o"
../Core/Src/main.c: In function 'HAL_TIM_PeriodElapsedCallback':
../Core/Src/main.c:247:1: error: expected declaration or statement at end of input
  247 | }
      | ^
At top level:
../Core/Src/main.c:238:6: warning: 'Error_Handler' defined but not used [-Wunused-function]
  238 | void Error_Handler(void)
      |      ^~~~~~~~~~~~~
make: *** [Core/Src/subdir.mk:37: Core/Src/main.o] Error 1
"make -j16 all" terminated with exit code 2. Build might be incomplete.
11:04:39 **** Incremental Build of configuration Debug for project TIMER_INTERUPT ****
make -j16 all 
arm-none-eabi-gcc "../Core/Src/main.c" -mcpu=cortex-m3 -std=gnu11 -g3 -DDEBUG -DUSE_HAL_DRIVER -DSTM32F103x6 -c -I../Core/Inc -I../Drivers/STM32F1xx_HAL_Driver/Inc -I../Drivers/STM32F1xx_HAL_Driver/Inc/Legacy -I../Drivers/CMSIS/Device/ST/STM32F1xx/Include -I../Drivers/CMSIS/Include -O0 -ffunction-sections -fdata-sections -Wall -fstack-usage -MMD -MP -MF"Core/Src/main.d" -MT"Core/Src/main.o" --specs=nano.specs -mfloat-abi=soft -mthumb -o "Core/Src/main.o"
../Core/Src/main.c: In function 'HAL_TIM_PeriodElapsedCallback':
../Core/Src/main.c:247:1: error: expected declaration or statement at end of input
  247 | }
      | ^
At top level:
../Core/Src/main.c:238:6: warning: 'Error_Handler' defined but not used [-Wunused-function]
  238 | void Error_Handler(void)
      |      ^~~~~~~~~~~~~
make: *** [Core/Src/subdir.mk:37: Core/Src/main.o] Error 1
"make -j16 all" terminated with exit code 2. Build might be incomplete.
11:05:58 **** Incremental Build of configuration Debug for project TIMER_INTERUPT ****
make -j16 all 
arm-none-eabi-gcc "../Core/Src/main.c" -mcpu=cortex-m3 -std=gnu11 -g3 -DDEBUG -DUSE_HAL_DRIVER -DSTM32F103x6 -c -I../Core/Inc -I../Drivers/STM32F1xx_HAL_Driver/Inc -I../Drivers/STM32F1xx_HAL_Driver/Inc/Legacy -I../Drivers/CMSIS/Device/ST/STM32F1xx/Include -I../Drivers/CMSIS/Include -O0 -ffunction-sections -fdata-sections -Wall -fstack-usage -MMD -MP -MF"Core/Src/main.d" -MT"Core/Src/main.o" --specs=nano.specs -mfloat-abi=soft -mthumb -o "Core/Src/main.o"
../Core/Src/main.c: In function 'HAL_TIM_PeriodElapsedCallback':
../Core/Src/main.c:246:1: error: expected declaration or statement at end of input
  246 | }
      | ^
At top level:
../Core/Src/main.c:238:6: warning: 'Error_Handler' defined but not used [-Wunused-function]
  238 | void Error_Handler(void){
      |      ^~~~~~~~~~~~~
make: *** [Core/Src/subdir.mk:37: Core/Src/main.o] Error 1
"make -j16 all" terminated with exit code 2. Build might be incomplete.
11:06:10 **** Incremental Build of configuration Debug for project TIMER_INTERUPT ****
make -j16 all 
arm-none-eabi-gcc "../Core/Src/main.c" -mcpu=cortex-m3 -std=gnu11 -g3 -DDEBUG -DUSE_HAL_DRIVER -DSTM32F103x6 -c -I../Core/Inc -I../Drivers/STM32F1xx_HAL_Driver/Inc -I../Drivers/STM32F1xx_HAL_Driver/Inc/Legacy -I../Drivers/CMSIS/Device/ST/STM32F1xx/Include -I../Drivers/CMSIS/Include -O0 -ffunction-sections -fdata-sections -Wall -fstack-usage -MMD -MP -MF"Core/Src/main.d" -MT"Core/Src/main.o" --specs=nano.specs -mfloat-abi=soft -mthumb -o "Core/Src/main.o"
arm-none-eabi-gcc -o "TIMER_INTERUPT.elf" @"objects.list"   -mcpu=cortex-m3 -T"C:\WORKS\Third_Year\Sem_1\VI_XL\LAB2\TIMER_INTERUPT\STM32F103C6UX_FLASH.ld" --specs=nosys.specs -Wl,-Map="TIMER_INTERUPT.map" -Wl,--gc-sections -static --specs=nano.specs -mfloat-abi=soft -mthumb -Wl,--start-group -lc -lm -Wl,--end-group
c:\st\stm32cubeide_1.7.0\stm32cubeide\plugins\com.st.stm32cube.ide.mcu.externaltools.gnu-tools-for-stm32.9-2020-q2-update.win32_2.0.0.202105311346\tools\arm-none-eabi\bin\ld.exe: ./Core/Src/main.o: in function `display7SEG':
C:/WORKS/Third_Year/Sem_1/VI_XL/LAB2/TIMER_INTERUPT/Debug/../Core/Src/Ex1.c:9: multiple definition of `display7SEG'; ./Core/Src/Ex1.o:C:/WORKS/Third_Year/Sem_1/VI_XL/LAB2/TIMER_INTERUPT/Debug/../Core/Src/Ex1.c:9: first defined here
collect2.exe: error: ld returned 1 exit status
make: *** [makefile:65: TIMER_INTERUPT.elf] Error 1
"make -j16 all" terminated with exit code 2. Build might be incomplete.
11:06:35 **** Incremental Build of configuration Debug for project TIMER_INTERUPT ****
make -j16 all 
arm-none-eabi-gcc "../Core/Src/main.c" -mcpu=cortex-m3 -std=gnu11 -g3 -DDEBUG -DUSE_HAL_DRIVER -DSTM32F103x6 -c -I../Core/Inc -I../Drivers/STM32F1xx_HAL_Driver/Inc -I../Drivers/STM32F1xx_HAL_Driver/Inc/Legacy -I../Drivers/CMSIS/Device/ST/STM32F1xx/Include -I../Drivers/CMSIS/Include -O0 -ffunction-sections -fdata-sections -Wall -fstack-usage -MMD -MP -MF"Core/Src/main.d" -MT"Core/Src/main.o" --specs=nano.specs -mfloat-abi=soft -mthumb -o "Core/Src/main.o"
arm-none-eabi-gcc -o "TIMER_INTERUPT.elf" @"objects.list"   -mcpu=cortex-m3 -T"C:\WORKS\Third_Year\Sem_1\VI_XL\LAB2\TIMER_INTERUPT\STM32F103C6UX_FLASH.ld" --specs=nosys.specs -Wl,-Map="TIMER_INTERUPT.map" -Wl,--gc-sections -static --specs=nano.specs -mfloat-abi=soft -mthumb -Wl,--start-group -lc -lm -Wl,--end-group
Finished building target: TIMER_INTERUPT.elf
 
arm-none-eabi-size   TIMER_INTERUPT.elf 
arm-none-eabi-objdump -h -S  TIMER_INTERUPT.elf  > "TIMER_INTERUPT.list"
arm-none-eabi-objcopy  -O binary  TIMER_INTERUPT.elf  "TIMER_INTERUPT.bin"
   text	   data	    bss	    dec	    hex	filename
   6920	     24	   1640	   8584	   2188	TIMER_INTERUPT.elf
Finished building: default.size.stdout
 
Finished building: TIMER_INTERUPT.bin
 
Finished building: TIMER_INTERUPT.list
 
11:08:21 **** Incremental Build of configuration Debug for project TIMER_INTERUPT ****
make -j16 all 
arm-none-eabi-gcc -o "TIMER_INTERUPT.elf" @"objects.list"   -mcpu=cortex-m3 -T"C:\WORKS\Third_Year\Sem_1\VI_XL\LAB2\TIMER_INTERUPT\STM32F103C6UX_FLASH.ld" --specs=nosys.specs -Wl,-Map="TIMER_INTERUPT.map" -Wl,--gc-sections -static --specs=nano.specs -mfloat-abi=soft -mthumb -Wl,--start-group -lc -lm -Wl,--end-group
Finished building target: TIMER_INTERUPT.elf
 
arm-none-eabi-size   TIMER_INTERUPT.elf 
arm-none-eabi-objdump -h -S  TIMER_INTERUPT.elf  > "TIMER_INTERUPT.list"
arm-none-eabi-objcopy  -O ihex  TIMER_INTERUPT.elf  "TIMER_INTERUPT.hex"
   text	   data	    bss	    dec	    hex	filename
   6920	     24	   1640	   8584	   2188	TIMER_INTERUPT.elf
arm-none-eabi-objcopy  -O binary  TIMER_INTERUPT.elf  "TIMER_INTERUPT.bin"
Finished building: default.size.stdout
 
Finished building: TIMER_INTERUPT.hex
Finished building: TIMER_INTERUPT.bin
 
 
Finished building: TIMER_INTERUPT.list
 
11:23:16 **** Incremental Build of configuration Debug for project TIMER_INTERUPT ****
make -j16 all 
arm-none-eabi-gcc "../Drivers/STM32F1xx_HAL_Driver/Src/stm32f1xx_hal.c" -mcpu=cortex-m3 -std=gnu11 -g3 -DDEBUG -DUSE_HAL_DRIVER -DSTM32F103x6 -c -I../Core/Inc -I../Drivers/STM32F1xx_HAL_Driver/Inc -I../Drivers/STM32F1xx_HAL_Driver/Inc/Legacy -I../Drivers/CMSIS/Device/ST/STM32F1xx/Include -I../Drivers/CMSIS/Include -O0 -ffunction-sections -fdata-sections -Wall -fstack-usage -MMD -MP -MF"Drivers/STM32F1xx_HAL_Driver/Src/stm32f1xx_hal.d" -MT"Drivers/STM32F1xx_HAL_Driver/Src/stm32f1xx_hal.o" --specs=nano.specs -mfloat-abi=soft -mthumb -o "Drivers/STM32F1xx_HAL_Driver/Src/stm32f1xx_hal.o"
arm-none-eabi-gcc "../Drivers/STM32F1xx_HAL_Driver/Src/stm32f1xx_hal_cortex.c" -mcpu=cortex-m3 -std=gnu11 -g3 -DDEBUG -DUSE_HAL_DRIVER -DSTM32F103x6 -c -I../Core/Inc -I../Drivers/STM32F1xx_HAL_Driver/Inc -I../Drivers/STM32F1xx_HAL_Driver/Inc/Legacy -I../Drivers/CMSIS/Device/ST/STM32F1xx/Include -I../Drivers/CMSIS/Include -O0 -ffunction-sections -fdata-sections -Wall -fstack-usage -MMD -MP -MF"Drivers/STM32F1xx_HAL_Driver/Src/stm32f1xx_hal_cortex.d" -MT"Drivers/STM32F1xx_HAL_Driver/Src/stm32f1xx_hal_cortex.o" --specs=nano.specs -mfloat-abi=soft -mthumb -o "Drivers/STM32F1xx_HAL_Driver/Src/stm32f1xx_hal_cortex.o"
arm-none-eabi-gcc "../Drivers/STM32F1xx_HAL_Driver/Src/stm32f1xx_hal_dma.c" -mcpu=cortex-m3 -std=gnu11 -g3 -DDEBUG -DUSE_HAL_DRIVER -DSTM32F103x6 -c -I../Core/Inc -I../Drivers/STM32F1xx_HAL_Driver/Inc -I../Drivers/STM32F1xx_HAL_Driver/Inc/Legacy -I../Drivers/CMSIS/Device/ST/STM32F1xx/Include -I../Drivers/CMSIS/Include -O0 -ffunction-sections -fdata-sections -Wall -fstack-usage -MMD -MP -MF"Drivers/STM32F1xx_HAL_Driver/Src/stm32f1xx_hal_dma.d" -MT"Drivers/STM32F1xx_HAL_Driver/Src/stm32f1xx_hal_dma.o" --specs=nano.specs -mfloat-abi=soft -mthumb -o "Drivers/STM32F1xx_HAL_Driver/Src/stm32f1xx_hal_dma.o"
arm-none-eabi-gcc "../Drivers/STM32F1xx_HAL_Driver/Src/stm32f1xx_hal_exti.c" -mcpu=cortex-m3 -std=gnu11 -g3 -DDEBUG -DUSE_HAL_DRIVER -DSTM32F103x6 -c -I../Core/Inc -I../Drivers/STM32F1xx_HAL_Driver/Inc -I../Drivers/STM32F1xx_HAL_Driver/Inc/Legacy -I../Drivers/CMSIS/Device/ST/STM32F1xx/Include -I../Drivers/CMSIS/Include -O0 -ffunction-sections -fdata-sections -Wall -fstack-usage -MMD -MP -MF"Drivers/STM32F1xx_HAL_Driver/Src/stm32f1xx_hal_exti.d" -MT"Drivers/STM32F1xx_HAL_Driver/Src/stm32f1xx_hal_exti.o" --specs=nano.specs -mfloat-abi=soft -mthumb -o "Drivers/STM32F1xx_HAL_Driver/Src/stm32f1xx_hal_exti.o"
arm-none-eabi-gcc "../Drivers/STM32F1xx_HAL_Driver/Src/stm32f1xx_hal_flash.c" -mcpu=cortex-m3 -std=gnu11 -g3 -DDEBUG -DUSE_HAL_DRIVER -DSTM32F103x6 -c -I../Core/Inc -I../Drivers/STM32F1xx_HAL_Driver/Inc -I../Drivers/STM32F1xx_HAL_Driver/Inc/Legacy -I../Drivers/CMSIS/Device/ST/STM32F1xx/Include -I../Drivers/CMSIS/Include -O0 -ffunction-sections -fdata-sections -Wall -fstack-usage -MMD -MP -MF"Drivers/STM32F1xx_HAL_Driver/Src/stm32f1xx_hal_flash.d" -MT"Drivers/STM32F1xx_HAL_Driver/Src/stm32f1xx_hal_flash.o" --specs=nano.specs -mfloat-abi=soft -mthumb -o "Drivers/STM32F1xx_HAL_Driver/Src/stm32f1xx_hal_flash.o"
arm-none-eabi-gcc "../Drivers/STM32F1xx_HAL_Driver/Src/stm32f1xx_hal_flash_ex.c" -mcpu=cortex-m3 -std=gnu11 -g3 -DDEBUG -DUSE_HAL_DRIVER -DSTM32F103x6 -c -I../Core/Inc -I../Drivers/STM32F1xx_HAL_Driver/Inc -I../Drivers/STM32F1xx_HAL_Driver/Inc/Legacy -I../Drivers/CMSIS/Device/ST/STM32F1xx/Include -I../Drivers/CMSIS/Include -O0 -ffunction-sections -fdata-sections -Wall -fstack-usage -MMD -MP -MF"Drivers/STM32F1xx_HAL_Driver/Src/stm32f1xx_hal_flash_ex.d" -MT"Drivers/STM32F1xx_HAL_Driver/Src/stm32f1xx_hal_flash_ex.o" --specs=nano.specs -mfloat-abi=soft -mthumb -o "Drivers/STM32F1xx_HAL_Driver/Src/stm32f1xx_hal_flash_ex.o"
arm-none-eabi-gcc "../Drivers/STM32F1xx_HAL_Driver/Src/stm32f1xx_hal_gpio.c" -mcpu=cortex-m3 -std=gnu11 -g3 -DDEBUG -DUSE_HAL_DRIVER -DSTM32F103x6 -c -I../Core/Inc -I../Drivers/STM32F1xx_HAL_Driver/Inc -I../Drivers/STM32F1xx_HAL_Driver/Inc/Legacy -I../Drivers/CMSIS/Device/ST/STM32F1xx/Include -I../Drivers/CMSIS/Include -O0 -ffunction-sections -fdata-sections -Wall -fstack-usage -MMD -MP -MF"Drivers/STM32F1xx_HAL_Driver/Src/stm32f1xx_hal_gpio.d" -MT"Drivers/STM32F1xx_HAL_Driver/Src/stm32f1xx_hal_gpio.o" --specs=nano.specs -mfloat-abi=soft -mthumb -o "Drivers/STM32F1xx_HAL_Driver/Src/stm32f1xx_hal_gpio.o"
arm-none-eabi-gcc "../Drivers/STM32F1xx_HAL_Driver/Src/stm32f1xx_hal_gpio_ex.c" -mcpu=cortex-m3 -std=gnu11 -g3 -DDEBUG -DUSE_HAL_DRIVER -DSTM32F103x6 -c -I../Core/Inc -I../Drivers/STM32F1xx_HAL_Driver/Inc -I../Drivers/STM32F1xx_HAL_Driver/Inc/Legacy -I../Drivers/CMSIS/Device/ST/STM32F1xx/Include -I../Drivers/CMSIS/Include -O0 -ffunction-sections -fdata-sections -Wall -fstack-usage -MMD -MP -MF"Drivers/STM32F1xx_HAL_Driver/Src/stm32f1xx_hal_gpio_ex.d" -MT"Drivers/STM32F1xx_HAL_Driver/Src/stm32f1xx_hal_gpio_ex.o" --specs=nano.specs -mfloat-abi=soft -mthumb -o "Drivers/STM32F1xx_HAL_Driver/Src/stm32f1xx_hal_gpio_ex.o"
arm-none-eabi-gcc "../Drivers/STM32F1xx_HAL_Driver/Src/stm32f1xx_hal_pwr.c" -mcpu=cortex-m3 -std=gnu11 -g3 -DDEBUG -DUSE_HAL_DRIVER -DSTM32F103x6 -c -I../Core/Inc -I../Drivers/STM32F1xx_HAL_Driver/Inc -I../Drivers/STM32F1xx_HAL_Driver/Inc/Legacy -I../Drivers/CMSIS/Device/ST/STM32F1xx/Include -I../Drivers/CMSIS/Include -O0 -ffunction-sections -fdata-sections -Wall -fstack-usage -MMD -MP -MF"Drivers/STM32F1xx_HAL_Driver/Src/stm32f1xx_hal_pwr.d" -MT"Drivers/STM32F1xx_HAL_Driver/Src/stm32f1xx_hal_pwr.o" --specs=nano.specs -mfloat-abi=soft -mthumb -o "Drivers/STM32F1xx_HAL_Driver/Src/stm32f1xx_hal_pwr.o"
arm-none-eabi-gcc "../Drivers/STM32F1xx_HAL_Driver/Src/stm32f1xx_hal_rcc.c" -mcpu=cortex-m3 -std=gnu11 -g3 -DDEBUG -DUSE_HAL_DRIVER -DSTM32F103x6 -c -I../Core/Inc -I../Drivers/STM32F1xx_HAL_Driver/Inc -I../Drivers/STM32F1xx_HAL_Driver/Inc/Legacy -I../Drivers/CMSIS/Device/ST/STM32F1xx/Include -I../Drivers/CMSIS/Include -O0 -ffunction-sections -fdata-sections -Wall -fstack-usage -MMD -MP -MF"Drivers/STM32F1xx_HAL_Driver/Src/stm32f1xx_hal_rcc.d" -MT"Drivers/STM32F1xx_HAL_Driver/Src/stm32f1xx_hal_rcc.o" --specs=nano.specs -mfloat-abi=soft -mthumb -o "Drivers/STM32F1xx_HAL_Driver/Src/stm32f1xx_hal_rcc.o"
arm-none-eabi-gcc "../Drivers/STM32F1xx_HAL_Driver/Src/stm32f1xx_hal_rcc_ex.c" -mcpu=cortex-m3 -std=gnu11 -g3 -DDEBUG -DUSE_HAL_DRIVER -DSTM32F103x6 -c -I../Core/Inc -I../Drivers/STM32F1xx_HAL_Driver/Inc -I../Drivers/STM32F1xx_HAL_Driver/Inc/Legacy -I../Drivers/CMSIS/Device/ST/STM32F1xx/Include -I../Drivers/CMSIS/Include -O0 -ffunction-sections -fdata-sections -Wall -fstack-usage -MMD -MP -MF"Drivers/STM32F1xx_HAL_Driver/Src/stm32f1xx_hal_rcc_ex.d" -MT"Drivers/STM32F1xx_HAL_Driver/Src/stm32f1xx_hal_rcc_ex.o" --specs=nano.specs -mfloat-abi=soft -mthumb -o "Drivers/STM32F1xx_HAL_Driver/Src/stm32f1xx_hal_rcc_ex.o"
arm-none-eabi-gcc "../Drivers/STM32F1xx_HAL_Driver/Src/stm32f1xx_hal_tim.c" -mcpu=cortex-m3 -std=gnu11 -g3 -DDEBUG -DUSE_HAL_DRIVER -DSTM32F103x6 -c -I../Core/Inc -I../Drivers/STM32F1xx_HAL_Driver/Inc -I../Drivers/STM32F1xx_HAL_Driver/Inc/Legacy -I../Drivers/CMSIS/Device/ST/STM32F1xx/Include -I../Drivers/CMSIS/Include -O0 -ffunction-sections -fdata-sections -Wall -fstack-usage -MMD -MP -MF"Drivers/STM32F1xx_HAL_Driver/Src/stm32f1xx_hal_tim.d" -MT"Drivers/STM32F1xx_HAL_Driver/Src/stm32f1xx_hal_tim.o" --specs=nano.specs -mfloat-abi=soft -mthumb -o "Drivers/STM32F1xx_HAL_Driver/Src/stm32f1xx_hal_tim.o"
arm-none-eabi-gcc "../Drivers/STM32F1xx_HAL_Driver/Src/stm32f1xx_hal_tim_ex.c" -mcpu=cortex-m3 -std=gnu11 -g3 -DDEBUG -DUSE_HAL_DRIVER -DSTM32F103x6 -c -I../Core/Inc -I../Drivers/STM32F1xx_HAL_Driver/Inc -I../Drivers/STM32F1xx_HAL_Driver/Inc/Legacy -I../Drivers/CMSIS/Device/ST/STM32F1xx/Include -I../Drivers/CMSIS/Include -O0 -ffunction-sections -fdata-sections -Wall -fstack-usage -MMD -MP -MF"Drivers/STM32F1xx_HAL_Driver/Src/stm32f1xx_hal_tim_ex.d" -MT"Drivers/STM32F1xx_HAL_Driver/Src/stm32f1xx_hal_tim_ex.o" --specs=nano.specs -mfloat-abi=soft -mthumb -o "Drivers/STM32F1xx_HAL_Driver/Src/stm32f1xx_hal_tim_ex.o"
arm-none-eabi-gcc "../Core/Src/Ex1.c" -mcpu=cortex-m3 -std=gnu11 -g3 -DDEBUG -DUSE_HAL_DRIVER -DSTM32F103x6 -c -I../Core/Inc -I../Drivers/STM32F1xx_HAL_Driver/Inc -I../Drivers/STM32F1xx_HAL_Driver/Inc/Legacy -I../Drivers/CMSIS/Device/ST/STM32F1xx/Include -I../Drivers/CMSIS/Include -O0 -ffunction-sections -fdata-sections -Wall -fstack-usage -MMD -MP -MF"Core/Src/Ex1.d" -MT"Core/Src/Ex1.o" --specs=nano.specs -mfloat-abi=soft -mthumb -o "Core/Src/Ex1.o"
arm-none-eabi-gcc "../Core/Src/main.c" -mcpu=cortex-m3 -std=gnu11 -g3 -DDEBUG -DUSE_HAL_DRIVER -DSTM32F103x6 -c -I../Core/Inc -I../Drivers/STM32F1xx_HAL_Driver/Inc -I../Drivers/STM32F1xx_HAL_Driver/Inc/Legacy -I../Drivers/CMSIS/Device/ST/STM32F1xx/Include -I../Drivers/CMSIS/Include -O0 -ffunction-sections -fdata-sections -Wall -fstack-usage -MMD -MP -MF"Core/Src/main.d" -MT"Core/Src/main.o" --specs=nano.specs -mfloat-abi=soft -mthumb -o "Core/Src/main.o"
arm-none-eabi-gcc "../Core/Src/stm32f1xx_hal_msp.c" -mcpu=cortex-m3 -std=gnu11 -g3 -DDEBUG -DUSE_HAL_DRIVER -DSTM32F103x6 -c -I../Core/Inc -I../Drivers/STM32F1xx_HAL_Driver/Inc -I../Drivers/STM32F1xx_HAL_Driver/Inc/Legacy -I../Drivers/CMSIS/Device/ST/STM32F1xx/Include -I../Drivers/CMSIS/Include -O0 -ffunction-sections -fdata-sections -Wall -fstack-usage -MMD -MP -MF"Core/Src/stm32f1xx_hal_msp.d" -MT"Core/Src/stm32f1xx_hal_msp.o" --specs=nano.specs -mfloat-abi=soft -mthumb -o "Core/Src/stm32f1xx_hal_msp.o"
arm-none-eabi-gcc "../Core/Src/stm32f1xx_it.c" -mcpu=cortex-m3 -std=gnu11 -g3 -DDEBUG -DUSE_HAL_DRIVER -DSTM32F103x6 -c -I../Core/Inc -I../Drivers/STM32F1xx_HAL_Driver/Inc -I../Drivers/STM32F1xx_HAL_Driver/Inc/Legacy -I../Drivers/CMSIS/Device/ST/STM32F1xx/Include -I../Drivers/CMSIS/Include -O0 -ffunction-sections -fdata-sections -Wall -fstack-usage -MMD -MP -MF"Core/Src/stm32f1xx_it.d" -MT"Core/Src/stm32f1xx_it.o" --specs=nano.specs -mfloat-abi=soft -mthumb -o "Core/Src/stm32f1xx_it.o"
arm-none-eabi-gcc "../Core/Src/system_stm32f1xx.c" -mcpu=cortex-m3 -std=gnu11 -g3 -DDEBUG -DUSE_HAL_DRIVER -DSTM32F103x6 -c -I../Core/Inc -I../Drivers/STM32F1xx_HAL_Driver/Inc -I../Drivers/STM32F1xx_HAL_Driver/Inc/Legacy -I../Drivers/CMSIS/Device/ST/STM32F1xx/Include -I../Drivers/CMSIS/Include -O0 -ffunction-sections -fdata-sections -Wall -fstack-usage -MMD -MP -MF"Core/Src/system_stm32f1xx.d" -MT"Core/Src/system_stm32f1xx.o" --specs=nano.specs -mfloat-abi=soft -mthumb -o "Core/Src/system_stm32f1xx.o"
arm-none-eabi-gcc -o "TIMER_INTERUPT.elf" @"objects.list"   -mcpu=cortex-m3 -T"C:\WORKS\Third_Year\Sem_1\VI_XL\LAB2\TIMER_INTERUPT\STM32F103C6UX_FLASH.ld" --specs=nosys.specs -Wl,-Map="TIMER_INTERUPT.map" -Wl,--gc-sections -static --specs=nano.specs -mfloat-abi=soft -mthumb -Wl,--start-group -lc -lm -Wl,--end-group
c:\st\stm32cubeide_1.7.0\stm32cubeide\plugins\com.st.stm32cube.ide.mcu.externaltools.gnu-tools-for-stm32.9-2020-q2-update.win32_2.0.0.202105311346\tools\arm-none-eabi\bin\ld.exe: ./Core/Src/main.o: in function `display7SEG':
C:/WORKS/Third_Year/Sem_1/VI_XL/LAB2/TIMER_INTERUPT/Debug/../Core/Src/Ex1.c:9: multiple definition of `display7SEG'; ./Core/Src/Ex1.o:C:/WORKS/Third_Year/Sem_1/VI_XL/LAB2/TIMER_INTERUPT/Debug/../Core/Src/Ex1.c:9: first defined here
collect2.exe: error: ld returned 1 exit status
make: *** [makefile:68: TIMER_INTERUPT.elf] Error 1
"make -j16 all" terminated with exit code 2. Build might be incomplete.
11:23:54 **** Incremental Build of configuration Debug for project TIMER_INTERUPT ****
make -j16 all 
arm-none-eabi-gcc "../Core/Src/main.c" -mcpu=cortex-m3 -std=gnu11 -g3 -DDEBUG -DUSE_HAL_DRIVER -DSTM32F103x6 -c -I../Core/Inc -I../Drivers/STM32F1xx_HAL_Driver/Inc -I../Drivers/STM32F1xx_HAL_Driver/Inc/Legacy -I../Drivers/CMSIS/Device/ST/STM32F1xx/Include -I../Drivers/CMSIS/Include -O0 -ffunction-sections -fdata-sections -Wall -fstack-usage -MMD -MP -MF"Core/Src/main.d" -MT"Core/Src/main.o" --specs=nano.specs -mfloat-abi=soft -mthumb -o "Core/Src/main.o"
arm-none-eabi-gcc -o "TIMER_INTERUPT.elf" @"objects.list"   -mcpu=cortex-m3 -T"C:\WORKS\Third_Year\Sem_1\VI_XL\LAB2\TIMER_INTERUPT\STM32F103C6UX_FLASH.ld" --specs=nosys.specs -Wl,-Map="TIMER_INTERUPT.map" -Wl,--gc-sections -static --specs=nano.specs -mfloat-abi=soft -mthumb -Wl,--start-group -lc -lm -Wl,--end-group
c:\st\stm32cubeide_1.7.0\stm32cubeide\plugins\com.st.stm32cube.ide.mcu.externaltools.gnu-tools-for-stm32.9-2020-q2-update.win32_2.0.0.202105311346\tools\arm-none-eabi\bin\ld.exe: ./Core/Src/main.o: in function `display7SEG':
C:/WORKS/Third_Year/Sem_1/VI_XL/LAB2/TIMER_INTERUPT/Debug/../Core/Src/Ex1.c:9: multiple definition of `display7SEG'; ./Core/Src/Ex1.o:C:/WORKS/Third_Year/Sem_1/VI_XL/LAB2/TIMER_INTERUPT/Debug/../Core/Src/Ex1.c:9: first defined here
collect2.exe: error: ld returned 1 exit status
make: *** [makefile:68: TIMER_INTERUPT.elf] Error 1
"make -j16 all" terminated with exit code 2. Build might be incomplete.
11:25:17 **** Incremental Build of configuration Debug for project TIMER_INTERUPT ****
make -j16 all 
arm-none-eabi-gcc "../Core/Src/main.c" -mcpu=cortex-m3 -std=gnu11 -g3 -DDEBUG -DUSE_HAL_DRIVER -DSTM32F103x6 -c -I../Core/Inc -I../Drivers/STM32F1xx_HAL_Driver/Inc -I../Drivers/STM32F1xx_HAL_Driver/Inc/Legacy -I../Drivers/CMSIS/Device/ST/STM32F1xx/Include -I../Drivers/CMSIS/Include -O0 -ffunction-sections -fdata-sections -Wall -fstack-usage -MMD -MP -MF"Core/Src/main.d" -MT"Core/Src/main.o" --specs=nano.specs -mfloat-abi=soft -mthumb -o "Core/Src/main.o"
arm-none-eabi-gcc -o "TIMER_INTERUPT.elf" @"objects.list"   -mcpu=cortex-m3 -T"C:\WORKS\Third_Year\Sem_1\VI_XL\LAB2\TIMER_INTERUPT\STM32F103C6UX_FLASH.ld" --specs=nosys.specs -Wl,-Map="TIMER_INTERUPT.map" -Wl,--gc-sections -static --specs=nano.specs -mfloat-abi=soft -mthumb -Wl,--start-group -lc -lm -Wl,--end-group
c:\st\stm32cubeide_1.7.0\stm32cubeide\plugins\com.st.stm32cube.ide.mcu.externaltools.gnu-tools-for-stm32.9-2020-q2-update.win32_2.0.0.202105311346\tools\arm-none-eabi\bin\ld.exe: ./Core/Src/main.o: in function `display7SEG':
C:/WORKS/Third_Year/Sem_1/VI_XL/LAB2/TIMER_INTERUPT/Debug/../Core/Src/Ex1.c:9: multiple definition of `display7SEG'; ./Core/Src/Ex1.o:C:/WORKS/Third_Year/Sem_1/VI_XL/LAB2/TIMER_INTERUPT/Debug/../Core/Src/Ex1.c:9: first defined here
collect2.exe: error: ld returned 1 exit status
make: *** [makefile:68: TIMER_INTERUPT.elf] Error 1
"make -j16 all" terminated with exit code 2. Build might be incomplete.
11:27:18 **** Incremental Build of configuration Debug for project TIMER_INTERUPT ****
make -j16 all 
arm-none-eabi-gcc "../Core/Src/main.c" -mcpu=cortex-m3 -std=gnu11 -g3 -DDEBUG -DUSE_HAL_DRIVER -DSTM32F103x6 -c -I../Core/Inc -I../Drivers/STM32F1xx_HAL_Driver/Inc -I../Drivers/STM32F1xx_HAL_Driver/Inc/Legacy -I../Drivers/CMSIS/Device/ST/STM32F1xx/Include -I../Drivers/CMSIS/Include -O0 -ffunction-sections -fdata-sections -Wall -fstack-usage -MMD -MP -MF"Core/Src/main.d" -MT"Core/Src/main.o" --specs=nano.specs -mfloat-abi=soft -mthumb -o "Core/Src/main.o"
arm-none-eabi-gcc -o "TIMER_INTERUPT.elf" @"objects.list"   -mcpu=cortex-m3 -T"C:\WORKS\Third_Year\Sem_1\VI_XL\LAB2\TIMER_INTERUPT\STM32F103C6UX_FLASH.ld" --specs=nosys.specs -Wl,-Map="TIMER_INTERUPT.map" -Wl,--gc-sections -static --specs=nano.specs -mfloat-abi=soft -mthumb -Wl,--start-group -lc -lm -Wl,--end-group
c:\st\stm32cubeide_1.7.0\stm32cubeide\plugins\com.st.stm32cube.ide.mcu.externaltools.gnu-tools-for-stm32.9-2020-q2-update.win32_2.0.0.202105311346\tools\arm-none-eabi\bin\ld.exe: ./Core/Src/main.o: in function `display7SEG':
C:/WORKS/Third_Year/Sem_1/VI_XL/LAB2/TIMER_INTERUPT/Debug/../Core/Src/Ex1.c:9: multiple definition of `display7SEG'; ./Core/Src/Ex1.o:C:/WORKS/Third_Year/Sem_1/VI_XL/LAB2/TIMER_INTERUPT/Debug/../Core/Src/Ex1.c:9: first defined here
collect2.exe: error: ld returned 1 exit status
make: *** [makefile:68: TIMER_INTERUPT.elf] Error 1
"make -j16 all" terminated with exit code 2. Build might be incomplete.
11:30:05 **** Incremental Build of configuration Debug for project TIMER_INTERUPT ****
make -j16 all 
arm-none-eabi-gcc "../Core/Src/Ex1.c" -mcpu=cortex-m3 -std=gnu11 -g3 -DDEBUG -DUSE_HAL_DRIVER -DSTM32F103x6 -c -I../Core/Inc -I../Drivers/STM32F1xx_HAL_Driver/Inc -I../Drivers/STM32F1xx_HAL_Driver/Inc/Legacy -I../Drivers/CMSIS/Device/ST/STM32F1xx/Include -I../Drivers/CMSIS/Include -O0 -ffunction-sections -fdata-sections -Wall -fstack-usage -MMD -MP -MF"Core/Src/Ex1.d" -MT"Core/Src/Ex1.o" --specs=nano.specs -mfloat-abi=soft -mthumb -o "Core/Src/Ex1.o"
arm-none-eabi-gcc "../Core/Src/main.c" -mcpu=cortex-m3 -std=gnu11 -g3 -DDEBUG -DUSE_HAL_DRIVER -DSTM32F103x6 -c -I../Core/Inc -I../Drivers/STM32F1xx_HAL_Driver/Inc -I../Drivers/STM32F1xx_HAL_Driver/Inc/Legacy -I../Drivers/CMSIS/Device/ST/STM32F1xx/Include -I../Drivers/CMSIS/Include -O0 -ffunction-sections -fdata-sections -Wall -fstack-usage -MMD -MP -MF"Core/Src/main.d" -MT"Core/Src/main.o" --specs=nano.specs -mfloat-abi=soft -mthumb -o "Core/Src/main.o"
arm-none-eabi-gcc -o "TIMER_INTERUPT.elf" @"objects.list"   -mcpu=cortex-m3 -T"C:\WORKS\Third_Year\Sem_1\VI_XL\LAB2\TIMER_INTERUPT\STM32F103C6UX_FLASH.ld" --specs=nosys.specs -Wl,-Map="TIMER_INTERUPT.map" -Wl,--gc-sections -static --specs=nano.specs -mfloat-abi=soft -mthumb -Wl,--start-group -lc -lm -Wl,--end-group
c:\st\stm32cubeide_1.7.0\stm32cubeide\plugins\com.st.stm32cube.ide.mcu.externaltools.gnu-tools-for-stm32.9-2020-q2-update.win32_2.0.0.202105311346\tools\arm-none-eabi\bin\ld.exe: ./Core/Src/main.o: in function `display7SEG':
C:/WORKS/Third_Year/Sem_1/VI_XL/LAB2/TIMER_INTERUPT/Debug/../Core/Src/Ex1.c:9: multiple definition of `display7SEG'; ./Core/Src/Ex1.o:C:/WORKS/Third_Year/Sem_1/VI_XL/LAB2/TIMER_INTERUPT/Debug/../Core/Src/Ex1.c:9: first defined here
collect2.exe: error: ld returned 1 exit status
make: *** [makefile:68: TIMER_INTERUPT.elf] Error 1
"make -j16 all" terminated with exit code 2. Build might be incomplete.
11:32:52 **** Incremental Build of configuration Debug for project TIMER_INTERUPT ****
make -j16 all 
arm-none-eabi-gcc "../Core/Src/Ex1.c" -mcpu=cortex-m3 -std=gnu11 -g3 -DDEBUG -DUSE_HAL_DRIVER -DSTM32F103x6 -c -I../Core/Inc -I../Drivers/STM32F1xx_HAL_Driver/Inc -I../Drivers/STM32F1xx_HAL_Driver/Inc/Legacy -I../Drivers/CMSIS/Device/ST/STM32F1xx/Include -I../Drivers/CMSIS/Include -O0 -ffunction-sections -fdata-sections -Wall -fstack-usage -MMD -MP -MF"Core/Src/Ex1.d" -MT"Core/Src/Ex1.o" --specs=nano.specs -mfloat-abi=soft -mthumb -o "Core/Src/Ex1.o"
arm-none-eabi-gcc "../Core/Src/main.c" -mcpu=cortex-m3 -std=gnu11 -g3 -DDEBUG -DUSE_HAL_DRIVER -DSTM32F103x6 -c -I../Core/Inc -I../Drivers/STM32F1xx_HAL_Driver/Inc -I../Drivers/STM32F1xx_HAL_Driver/Inc/Legacy -I../Drivers/CMSIS/Device/ST/STM32F1xx/Include -I../Drivers/CMSIS/Include -O0 -ffunction-sections -fdata-sections -Wall -fstack-usage -MMD -MP -MF"Core/Src/main.d" -MT"Core/Src/main.o" --specs=nano.specs -mfloat-abi=soft -mthumb -o "Core/Src/main.o"
arm-none-eabi-gcc -o "TIMER_INTERUPT.elf" @"objects.list"   -mcpu=cortex-m3 -T"C:\WORKS\Third_Year\Sem_1\VI_XL\LAB2\TIMER_INTERUPT\STM32F103C6UX_FLASH.ld" --specs=nosys.specs -Wl,-Map="TIMER_INTERUPT.map" -Wl,--gc-sections -static --specs=nano.specs -mfloat-abi=soft -mthumb -Wl,--start-group -lc -lm -Wl,--end-group
Finished building target: TIMER_INTERUPT.elf
 
arm-none-eabi-size   TIMER_INTERUPT.elf 
arm-none-eabi-objdump -h -S  TIMER_INTERUPT.elf  > "TIMER_INTERUPT.list"
arm-none-eabi-objcopy  -O ihex  TIMER_INTERUPT.elf  "TIMER_INTERUPT.hex"
arm-none-eabi-objcopy  -O binary  TIMER_INTERUPT.elf  "TIMER_INTERUPT.bin"
   text	   data	    bss	    dec	    hex	filename
   7632	     20	   1644	   9296	   2450	TIMER_INTERUPT.elf
Finished building: default.size.stdout
 
Finished building: TIMER_INTERUPT.hex
Finished building: TIMER_INTERUPT.bin
 
 
Finished building: TIMER_INTERUPT.list
 
11:33:39 **** Incremental Build of configuration Debug for project TIMER_INTERUPT ****
make -j16 all 
arm-none-eabi-gcc "../Core/Src/main.c" -mcpu=cortex-m3 -std=gnu11 -g3 -DDEBUG -DUSE_HAL_DRIVER -DSTM32F103x6 -c -I../Core/Inc -I../Drivers/STM32F1xx_HAL_Driver/Inc -I../Drivers/STM32F1xx_HAL_Driver/Inc/Legacy -I../Drivers/CMSIS/Device/ST/STM32F1xx/Include -I../Drivers/CMSIS/Include -O0 -ffunction-sections -fdata-sections -Wall -fstack-usage -MMD -MP -MF"Core/Src/main.d" -MT"Core/Src/main.o" --specs=nano.specs -mfloat-abi=soft -mthumb -o "Core/Src/main.o"
arm-none-eabi-gcc -o "TIMER_INTERUPT.elf" @"objects.list"   -mcpu=cortex-m3 -T"C:\WORKS\Third_Year\Sem_1\VI_XL\LAB2\TIMER_INTERUPT\STM32F103C6UX_FLASH.ld" --specs=nosys.specs -Wl,-Map="TIMER_INTERUPT.map" -Wl,--gc-sections -static --specs=nano.specs -mfloat-abi=soft -mthumb -Wl,--start-group -lc -lm -Wl,--end-group
Finished building target: TIMER_INTERUPT.elf
 
arm-none-eabi-size   TIMER_INTERUPT.elf 
arm-none-eabi-objdump -h -S  TIMER_INTERUPT.elf  > "TIMER_INTERUPT.list"
   text	   data	    bss	    dec	    hex	filename
   7700	     20	   1644	   9364	   2494	TIMER_INTERUPT.elf
arm-none-eabi-objcopy  -O ihex  TIMER_INTERUPT.elf  "TIMER_INTERUPT.hex"
arm-none-eabi-objcopy  -O binary  TIMER_INTERUPT.elf  "TIMER_INTERUPT.bin"
Finished building: default.size.stdout
 
Finished building: TIMER_INTERUPT.hex
Finished building: TIMER_INTERUPT.bin
 
Finished building: TIMER_INTERUPT.list
 
 
11:34:09 **** Incremental Build of configuration Debug for project TIMER_INTERUPT ****
make -j16 all 
arm-none-eabi-gcc "../Core/Src/main.c" -mcpu=cortex-m3 -std=gnu11 -g3 -DDEBUG -DUSE_HAL_DRIVER -DSTM32F103x6 -c -I../Core/Inc -I../Drivers/STM32F1xx_HAL_Driver/Inc -I../Drivers/STM32F1xx_HAL_Driver/Inc/Legacy -I../Drivers/CMSIS/Device/ST/STM32F1xx/Include -I../Drivers/CMSIS/Include -O0 -ffunction-sections -fdata-sections -Wall -fstack-usage -MMD -MP -MF"Core/Src/main.d" -MT"Core/Src/main.o" --specs=nano.specs -mfloat-abi=soft -mthumb -o "Core/Src/main.o"
arm-none-eabi-gcc -o "TIMER_INTERUPT.elf" @"objects.list"   -mcpu=cortex-m3 -T"C:\WORKS\Third_Year\Sem_1\VI_XL\LAB2\TIMER_INTERUPT\STM32F103C6UX_FLASH.ld" --specs=nosys.specs -Wl,-Map="TIMER_INTERUPT.map" -Wl,--gc-sections -static --specs=nano.specs -mfloat-abi=soft -mthumb -Wl,--start-group -lc -lm -Wl,--end-group
Finished building target: TIMER_INTERUPT.elf
 
arm-none-eabi-size   TIMER_INTERUPT.elf 
arm-none-eabi-objdump -h -S  TIMER_INTERUPT.elf  > "TIMER_INTERUPT.list"
arm-none-eabi-objcopy  -O ihex  TIMER_INTERUPT.elf  "TIMER_INTERUPT.hex"
   text	   data	    bss	    dec	    hex	filename
   7648	     20	   1644	   9312	   2460	TIMER_INTERUPT.elf
arm-none-eabi-objcopy  -O binary  TIMER_INTERUPT.elf  "TIMER_INTERUPT.bin"
Finished building: default.size.stdout
 
Finished building: TIMER_INTERUPT.bin
Finished building: TIMER_INTERUPT.hex
Finished building: TIMER_INTERUPT.list
 
 
 
11:34:44 **** Incremental Build of configuration Debug for project TIMER_INTERUPT ****
make -j16 all 
arm-none-eabi-gcc "../Core/Src/main.c" -mcpu=cortex-m3 -std=gnu11 -g3 -DDEBUG -DUSE_HAL_DRIVER -DSTM32F103x6 -c -I../Core/Inc -I../Drivers/STM32F1xx_HAL_Driver/Inc -I../Drivers/STM32F1xx_HAL_Driver/Inc/Legacy -I../Drivers/CMSIS/Device/ST/STM32F1xx/Include -I../Drivers/CMSIS/Include -O0 -ffunction-sections -fdata-sections -Wall -fstack-usage -MMD -MP -MF"Core/Src/main.d" -MT"Core/Src/main.o" --specs=nano.specs -mfloat-abi=soft -mthumb -o "Core/Src/main.o"
arm-none-eabi-gcc -o "TIMER_INTERUPT.elf" @"objects.list"   -mcpu=cortex-m3 -T"C:\WORKS\Third_Year\Sem_1\VI_XL\LAB2\TIMER_INTERUPT\STM32F103C6UX_FLASH.ld" --specs=nosys.specs -Wl,-Map="TIMER_INTERUPT.map" -Wl,--gc-sections -static --specs=nano.specs -mfloat-abi=soft -mthumb -Wl,--start-group -lc -lm -Wl,--end-group
Finished building target: TIMER_INTERUPT.elf
 
arm-none-eabi-size   TIMER_INTERUPT.elf 
arm-none-eabi-objdump -h -S  TIMER_INTERUPT.elf  > "TIMER_INTERUPT.list"
arm-none-eabi-objcopy  -O ihex  TIMER_INTERUPT.elf  "TIMER_INTERUPT.hex"
   text	   data	    bss	    dec	    hex	filename
   7648	     20	   1644	   9312	   2460	TIMER_INTERUPT.elf
arm-none-eabi-objcopy  -O binary  TIMER_INTERUPT.elf  "TIMER_INTERUPT.bin"
Finished building: default.size.stdout
 
Finished building: TIMER_INTERUPT.hex
Finished building: TIMER_INTERUPT.bin
 
Finished building: TIMER_INTERUPT.list
 
 
11:38:20 **** Incremental Build of configuration Debug for project TIMER_INTERUPT ****
make -j16 all 
arm-none-eabi-gcc "../Core/Src/main.c" -mcpu=cortex-m3 -std=gnu11 -g3 -DDEBUG -DUSE_HAL_DRIVER -DSTM32F103x6 -c -I../Core/Inc -I../Drivers/STM32F1xx_HAL_Driver/Inc -I../Drivers/STM32F1xx_HAL_Driver/Inc/Legacy -I../Drivers/CMSIS/Device/ST/STM32F1xx/Include -I../Drivers/CMSIS/Include -O0 -ffunction-sections -fdata-sections -Wall -fstack-usage -MMD -MP -MF"Core/Src/main.d" -MT"Core/Src/main.o" --specs=nano.specs -mfloat-abi=soft -mthumb -o "Core/Src/main.o"
arm-none-eabi-gcc -o "TIMER_INTERUPT.elf" @"objects.list"   -mcpu=cortex-m3 -T"C:\WORKS\Third_Year\Sem_1\VI_XL\LAB2\TIMER_INTERUPT\STM32F103C6UX_FLASH.ld" --specs=nosys.specs -Wl,-Map="TIMER_INTERUPT.map" -Wl,--gc-sections -static --specs=nano.specs -mfloat-abi=soft -mthumb -Wl,--start-group -lc -lm -Wl,--end-group
Finished building target: TIMER_INTERUPT.elf
 
arm-none-eabi-size   TIMER_INTERUPT.elf 
arm-none-eabi-objdump -h -S  TIMER_INTERUPT.elf  > "TIMER_INTERUPT.list"
arm-none-eabi-objcopy  -O ihex  TIMER_INTERUPT.elf  "TIMER_INTERUPT.hex"
arm-none-eabi-objcopy  -O binary  TIMER_INTERUPT.elf  "TIMER_INTERUPT.bin"
   text	   data	    bss	    dec	    hex	filename
   7728	     20	   1644	   9392	   24b0	TIMER_INTERUPT.elf
Finished building: default.size.stdout
 
Finished building: TIMER_INTERUPT.hex
Finished building: TIMER_INTERUPT.bin
 
 
Finished building: TIMER_INTERUPT.list
 
11:38:57 **** Incremental Build of configuration Debug for project TIMER_INTERUPT ****
make -j16 all 
arm-none-eabi-gcc "../Core/Src/main.c" -mcpu=cortex-m3 -std=gnu11 -g3 -DDEBUG -DUSE_HAL_DRIVER -DSTM32F103x6 -c -I../Core/Inc -I../Drivers/STM32F1xx_HAL_Driver/Inc -I../Drivers/STM32F1xx_HAL_Driver/Inc/Legacy -I../Drivers/CMSIS/Device/ST/STM32F1xx/Include -I../Drivers/CMSIS/Include -O0 -ffunction-sections -fdata-sections -Wall -fstack-usage -MMD -MP -MF"Core/Src/main.d" -MT"Core/Src/main.o" --specs=nano.specs -mfloat-abi=soft -mthumb -o "Core/Src/main.o"
arm-none-eabi-gcc -o "TIMER_INTERUPT.elf" @"objects.list"   -mcpu=cortex-m3 -T"C:\WORKS\Third_Year\Sem_1\VI_XL\LAB2\TIMER_INTERUPT\STM32F103C6UX_FLASH.ld" --specs=nosys.specs -Wl,-Map="TIMER_INTERUPT.map" -Wl,--gc-sections -static --specs=nano.specs -mfloat-abi=soft -mthumb -Wl,--start-group -lc -lm -Wl,--end-group
Finished building target: TIMER_INTERUPT.elf
 
arm-none-eabi-size   TIMER_INTERUPT.elf 
arm-none-eabi-objdump -h -S  TIMER_INTERUPT.elf  > "TIMER_INTERUPT.list"
arm-none-eabi-objcopy  -O ihex  TIMER_INTERUPT.elf  "TIMER_INTERUPT.hex"
   text	   data	    bss	    dec	    hex	filename
   7728	     20	   1644	   9392	   24b0	TIMER_INTERUPT.elf
arm-none-eabi-objcopy  -O binary  TIMER_INTERUPT.elf  "TIMER_INTERUPT.bin"
Finished building: default.size.stdout
 
Finished building: TIMER_INTERUPT.hex
Finished building: TIMER_INTERUPT.bin
Finished building: TIMER_INTERUPT.list
 
 
 
11:51:33 **** Incremental Build of configuration Debug for project TIMER_INTERUPT ****
make -j16 all 
arm-none-eabi-gcc "../Core/Src/main.c" -mcpu=cortex-m3 -std=gnu11 -g3 -DDEBUG -DUSE_HAL_DRIVER -DSTM32F103x6 -c -I../Core/Inc -I../Drivers/STM32F1xx_HAL_Driver/Inc -I../Drivers/STM32F1xx_HAL_Driver/Inc/Legacy -I../Drivers/CMSIS/Device/ST/STM32F1xx/Include -I../Drivers/CMSIS/Include -O0 -ffunction-sections -fdata-sections -Wall -fstack-usage -MMD -MP -MF"Core/Src/main.d" -MT"Core/Src/main.o" --specs=nano.specs -mfloat-abi=soft -mthumb -o "Core/Src/main.o"
arm-none-eabi-gcc -o "TIMER_INTERUPT.elf" @"objects.list"   -mcpu=cortex-m3 -T"C:\WORKS\Third_Year\Sem_1\VI_XL\LAB2\TIMER_INTERUPT\STM32F103C6UX_FLASH.ld" --specs=nosys.specs -Wl,-Map="TIMER_INTERUPT.map" -Wl,--gc-sections -static --specs=nano.specs -mfloat-abi=soft -mthumb -Wl,--start-group -lc -lm -Wl,--end-group
Finished building target: TIMER_INTERUPT.elf
 
arm-none-eabi-size   TIMER_INTERUPT.elf 
arm-none-eabi-objdump -h -S  TIMER_INTERUPT.elf  > "TIMER_INTERUPT.list"
arm-none-eabi-objcopy  -O ihex  TIMER_INTERUPT.elf  "TIMER_INTERUPT.hex"
   text	   data	    bss	    dec	    hex	filename
   7844	     24	   1648	   9516	   252c	TIMER_INTERUPT.elf
arm-none-eabi-objcopy  -O binary  TIMER_INTERUPT.elf  "TIMER_INTERUPT.bin"
Finished building: default.size.stdout
 
Finished building: TIMER_INTERUPT.hex
Finished building: TIMER_INTERUPT.bin
 
 
Finished building: TIMER_INTERUPT.list
 
11:56:41 **** Incremental Build of configuration Debug for project TIMER_INTERUPT ****
make -j16 all 
arm-none-eabi-gcc "../Core/Src/main.c" -mcpu=cortex-m3 -std=gnu11 -g3 -DDEBUG -DUSE_HAL_DRIVER -DSTM32F103x6 -c -I../Core/Inc -I../Drivers/STM32F1xx_HAL_Driver/Inc -I../Drivers/STM32F1xx_HAL_Driver/Inc/Legacy -I../Drivers/CMSIS/Device/ST/STM32F1xx/Include -I../Drivers/CMSIS/Include -O0 -ffunction-sections -fdata-sections -Wall -fstack-usage -MMD -MP -MF"Core/Src/main.d" -MT"Core/Src/main.o" --specs=nano.specs -mfloat-abi=soft -mthumb -o "Core/Src/main.o"
arm-none-eabi-gcc -o "TIMER_INTERUPT.elf" @"objects.list"   -mcpu=cortex-m3 -T"C:\WORKS\Third_Year\Sem_1\VI_XL\LAB2\TIMER_INTERUPT\STM32F103C6UX_FLASH.ld" --specs=nosys.specs -Wl,-Map="TIMER_INTERUPT.map" -Wl,--gc-sections -static --specs=nano.specs -mfloat-abi=soft -mthumb -Wl,--start-group -lc -lm -Wl,--end-group
Finished building target: TIMER_INTERUPT.elf
 
arm-none-eabi-size   TIMER_INTERUPT.elf 
arm-none-eabi-objdump -h -S  TIMER_INTERUPT.elf  > "TIMER_INTERUPT.list"
arm-none-eabi-objcopy  -O ihex  TIMER_INTERUPT.elf  "TIMER_INTERUPT.hex"
   text	   data	    bss	    dec	    hex	filename
   7876	     24	   1648	   9548	   254c	TIMER_INTERUPT.elf
arm-none-eabi-objcopy  -O binary  TIMER_INTERUPT.elf  "TIMER_INTERUPT.bin"
Finished building: default.size.stdout
 
Finished building: TIMER_INTERUPT.hex
Finished building: TIMER_INTERUPT.bin
 
 
Finished building: TIMER_INTERUPT.list
 
11:57:08 **** Incremental Build of configuration Debug for project TIMER_INTERUPT ****
make -j16 all 
arm-none-eabi-gcc "../Core/Src/main.c" -mcpu=cortex-m3 -std=gnu11 -g3 -DDEBUG -DUSE_HAL_DRIVER -DSTM32F103x6 -c -I../Core/Inc -I../Drivers/STM32F1xx_HAL_Driver/Inc -I../Drivers/STM32F1xx_HAL_Driver/Inc/Legacy -I../Drivers/CMSIS/Device/ST/STM32F1xx/Include -I../Drivers/CMSIS/Include -O0 -ffunction-sections -fdata-sections -Wall -fstack-usage -MMD -MP -MF"Core/Src/main.d" -MT"Core/Src/main.o" --specs=nano.specs -mfloat-abi=soft -mthumb -o "Core/Src/main.o"
arm-none-eabi-gcc -o "TIMER_INTERUPT.elf" @"objects.list"   -mcpu=cortex-m3 -T"C:\WORKS\Third_Year\Sem_1\VI_XL\LAB2\TIMER_INTERUPT\STM32F103C6UX_FLASH.ld" --specs=nosys.specs -Wl,-Map="TIMER_INTERUPT.map" -Wl,--gc-sections -static --specs=nano.specs -mfloat-abi=soft -mthumb -Wl,--start-group -lc -lm -Wl,--end-group
Finished building target: TIMER_INTERUPT.elf
 
arm-none-eabi-size   TIMER_INTERUPT.elf 
arm-none-eabi-objdump -h -S  TIMER_INTERUPT.elf  > "TIMER_INTERUPT.list"
arm-none-eabi-objcopy  -O ihex  TIMER_INTERUPT.elf  "TIMER_INTERUPT.hex"
arm-none-eabi-objcopy  -O binary  TIMER_INTERUPT.elf  "TIMER_INTERUPT.bin"
   text	   data	    bss	    dec	    hex	filename
   7876	     24	   1648	   9548	   254c	TIMER_INTERUPT.elf
Finished building: default.size.stdout
 
Finished building: TIMER_INTERUPT.bin
Finished building: TIMER_INTERUPT.hex
Finished building: TIMER_INTERUPT.list
 
 
 
11:58:05 **** Incremental Build of configuration Debug for project TIMER_INTERUPT ****
make -j16 all 
arm-none-eabi-gcc "../Core/Src/main.c" -mcpu=cortex-m3 -std=gnu11 -g3 -DDEBUG -DUSE_HAL_DRIVER -DSTM32F103x6 -c -I../Core/Inc -I../Drivers/STM32F1xx_HAL_Driver/Inc -I../Drivers/STM32F1xx_HAL_Driver/Inc/Legacy -I../Drivers/CMSIS/Device/ST/STM32F1xx/Include -I../Drivers/CMSIS/Include -O0 -ffunction-sections -fdata-sections -Wall -fstack-usage -MMD -MP -MF"Core/Src/main.d" -MT"Core/Src/main.o" --specs=nano.specs -mfloat-abi=soft -mthumb -o "Core/Src/main.o"
arm-none-eabi-gcc -o "TIMER_INTERUPT.elf" @"objects.list"   -mcpu=cortex-m3 -T"C:\WORKS\Third_Year\Sem_1\VI_XL\LAB2\TIMER_INTERUPT\STM32F103C6UX_FLASH.ld" --specs=nosys.specs -Wl,-Map="TIMER_INTERUPT.map" -Wl,--gc-sections -static --specs=nano.specs -mfloat-abi=soft -mthumb -Wl,--start-group -lc -lm -Wl,--end-group
Finished building target: TIMER_INTERUPT.elf
 
arm-none-eabi-size   TIMER_INTERUPT.elf 
arm-none-eabi-objdump -h -S  TIMER_INTERUPT.elf  > "TIMER_INTERUPT.list"
arm-none-eabi-objcopy  -O ihex  TIMER_INTERUPT.elf  "TIMER_INTERUPT.hex"
arm-none-eabi-objcopy  -O binary  TIMER_INTERUPT.elf  "TIMER_INTERUPT.bin"
   text	   data	    bss	    dec	    hex	filename
   7876	     24	   1648	   9548	   254c	TIMER_INTERUPT.elf
Finished building: default.size.stdout
 
Finished building: TIMER_INTERUPT.bin
Finished building: TIMER_INTERUPT.hex
 
 
Finished building: TIMER_INTERUPT.list
 
11:59:12 **** Incremental Build of configuration Debug for project TIMER_INTERUPT ****
make -j16 all 
arm-none-eabi-gcc "../Core/Src/main.c" -mcpu=cortex-m3 -std=gnu11 -g3 -DDEBUG -DUSE_HAL_DRIVER -DSTM32F103x6 -c -I../Core/Inc -I../Drivers/STM32F1xx_HAL_Driver/Inc -I../Drivers/STM32F1xx_HAL_Driver/Inc/Legacy -I../Drivers/CMSIS/Device/ST/STM32F1xx/Include -I../Drivers/CMSIS/Include -O0 -ffunction-sections -fdata-sections -Wall -fstack-usage -MMD -MP -MF"Core/Src/main.d" -MT"Core/Src/main.o" --specs=nano.specs -mfloat-abi=soft -mthumb -o "Core/Src/main.o"
arm-none-eabi-gcc -o "TIMER_INTERUPT.elf" @"objects.list"   -mcpu=cortex-m3 -T"C:\WORKS\Third_Year\Sem_1\VI_XL\LAB2\TIMER_INTERUPT\STM32F103C6UX_FLASH.ld" --specs=nosys.specs -Wl,-Map="TIMER_INTERUPT.map" -Wl,--gc-sections -static --specs=nano.specs -mfloat-abi=soft -mthumb -Wl,--start-group -lc -lm -Wl,--end-group
Finished building target: TIMER_INTERUPT.elf
 
arm-none-eabi-size   TIMER_INTERUPT.elf 
arm-none-eabi-objdump -h -S  TIMER_INTERUPT.elf  > "TIMER_INTERUPT.list"
arm-none-eabi-objcopy  -O ihex  TIMER_INTERUPT.elf  "TIMER_INTERUPT.hex"
   text	   data	    bss	    dec	    hex	filename
   7876	     24	   1648	   9548	   254c	TIMER_INTERUPT.elf
arm-none-eabi-objcopy  -O binary  TIMER_INTERUPT.elf  "TIMER_INTERUPT.bin"
Finished building: default.size.stdout
 
Finished building: TIMER_INTERUPT.hex
Finished building: TIMER_INTERUPT.bin
 
 
Finished building: TIMER_INTERUPT.list
 
12:02:18 **** Incremental Build of configuration Debug for project TIMER_INTERUPT ****
make -j16 all 
arm-none-eabi-gcc "../Drivers/STM32F1xx_HAL_Driver/Src/stm32f1xx_hal.c" -mcpu=cortex-m3 -std=gnu11 -g3 -DDEBUG -DUSE_HAL_DRIVER -DSTM32F103x6 -c -I../Core/Inc -I../Drivers/STM32F1xx_HAL_Driver/Inc -I../Drivers/STM32F1xx_HAL_Driver/Inc/Legacy -I../Drivers/CMSIS/Device/ST/STM32F1xx/Include -I../Drivers/CMSIS/Include -O0 -ffunction-sections -fdata-sections -Wall -fstack-usage -MMD -MP -MF"Drivers/STM32F1xx_HAL_Driver/Src/stm32f1xx_hal.d" -MT"Drivers/STM32F1xx_HAL_Driver/Src/stm32f1xx_hal.o" --specs=nano.specs -mfloat-abi=soft -mthumb -o "Drivers/STM32F1xx_HAL_Driver/Src/stm32f1xx_hal.o"
arm-none-eabi-gcc "../Drivers/STM32F1xx_HAL_Driver/Src/stm32f1xx_hal_cortex.c" -mcpu=cortex-m3 -std=gnu11 -g3 -DDEBUG -DUSE_HAL_DRIVER -DSTM32F103x6 -c -I../Core/Inc -I../Drivers/STM32F1xx_HAL_Driver/Inc -I../Drivers/STM32F1xx_HAL_Driver/Inc/Legacy -I../Drivers/CMSIS/Device/ST/STM32F1xx/Include -I../Drivers/CMSIS/Include -O0 -ffunction-sections -fdata-sections -Wall -fstack-usage -MMD -MP -MF"Drivers/STM32F1xx_HAL_Driver/Src/stm32f1xx_hal_cortex.d" -MT"Drivers/STM32F1xx_HAL_Driver/Src/stm32f1xx_hal_cortex.o" --specs=nano.specs -mfloat-abi=soft -mthumb -o "Drivers/STM32F1xx_HAL_Driver/Src/stm32f1xx_hal_cortex.o"
arm-none-eabi-gcc "../Drivers/STM32F1xx_HAL_Driver/Src/stm32f1xx_hal_dma.c" -mcpu=cortex-m3 -std=gnu11 -g3 -DDEBUG -DUSE_HAL_DRIVER -DSTM32F103x6 -c -I../Core/Inc -I../Drivers/STM32F1xx_HAL_Driver/Inc -I../Drivers/STM32F1xx_HAL_Driver/Inc/Legacy -I../Drivers/CMSIS/Device/ST/STM32F1xx/Include -I../Drivers/CMSIS/Include -O0 -ffunction-sections -fdata-sections -Wall -fstack-usage -MMD -MP -MF"Drivers/STM32F1xx_HAL_Driver/Src/stm32f1xx_hal_dma.d" -MT"Drivers/STM32F1xx_HAL_Driver/Src/stm32f1xx_hal_dma.o" --specs=nano.specs -mfloat-abi=soft -mthumb -o "Drivers/STM32F1xx_HAL_Driver/Src/stm32f1xx_hal_dma.o"
arm-none-eabi-gcc "../Drivers/STM32F1xx_HAL_Driver/Src/stm32f1xx_hal_exti.c" -mcpu=cortex-m3 -std=gnu11 -g3 -DDEBUG -DUSE_HAL_DRIVER -DSTM32F103x6 -c -I../Core/Inc -I../Drivers/STM32F1xx_HAL_Driver/Inc -I../Drivers/STM32F1xx_HAL_Driver/Inc/Legacy -I../Drivers/CMSIS/Device/ST/STM32F1xx/Include -I../Drivers/CMSIS/Include -O0 -ffunction-sections -fdata-sections -Wall -fstack-usage -MMD -MP -MF"Drivers/STM32F1xx_HAL_Driver/Src/stm32f1xx_hal_exti.d" -MT"Drivers/STM32F1xx_HAL_Driver/Src/stm32f1xx_hal_exti.o" --specs=nano.specs -mfloat-abi=soft -mthumb -o "Drivers/STM32F1xx_HAL_Driver/Src/stm32f1xx_hal_exti.o"
arm-none-eabi-gcc "../Drivers/STM32F1xx_HAL_Driver/Src/stm32f1xx_hal_flash.c" -mcpu=cortex-m3 -std=gnu11 -g3 -DDEBUG -DUSE_HAL_DRIVER -DSTM32F103x6 -c -I../Core/Inc -I../Drivers/STM32F1xx_HAL_Driver/Inc -I../Drivers/STM32F1xx_HAL_Driver/Inc/Legacy -I../Drivers/CMSIS/Device/ST/STM32F1xx/Include -I../Drivers/CMSIS/Include -O0 -ffunction-sections -fdata-sections -Wall -fstack-usage -MMD -MP -MF"Drivers/STM32F1xx_HAL_Driver/Src/stm32f1xx_hal_flash.d" -MT"Drivers/STM32F1xx_HAL_Driver/Src/stm32f1xx_hal_flash.o" --specs=nano.specs -mfloat-abi=soft -mthumb -o "Drivers/STM32F1xx_HAL_Driver/Src/stm32f1xx_hal_flash.o"
arm-none-eabi-gcc "../Drivers/STM32F1xx_HAL_Driver/Src/stm32f1xx_hal_flash_ex.c" -mcpu=cortex-m3 -std=gnu11 -g3 -DDEBUG -DUSE_HAL_DRIVER -DSTM32F103x6 -c -I../Core/Inc -I../Drivers/STM32F1xx_HAL_Driver/Inc -I../Drivers/STM32F1xx_HAL_Driver/Inc/Legacy -I../Drivers/CMSIS/Device/ST/STM32F1xx/Include -I../Drivers/CMSIS/Include -O0 -ffunction-sections -fdata-sections -Wall -fstack-usage -MMD -MP -MF"Drivers/STM32F1xx_HAL_Driver/Src/stm32f1xx_hal_flash_ex.d" -MT"Drivers/STM32F1xx_HAL_Driver/Src/stm32f1xx_hal_flash_ex.o" --specs=nano.specs -mfloat-abi=soft -mthumb -o "Drivers/STM32F1xx_HAL_Driver/Src/stm32f1xx_hal_flash_ex.o"
arm-none-eabi-gcc "../Drivers/STM32F1xx_HAL_Driver/Src/stm32f1xx_hal_gpio.c" -mcpu=cortex-m3 -std=gnu11 -g3 -DDEBUG -DUSE_HAL_DRIVER -DSTM32F103x6 -c -I../Core/Inc -I../Drivers/STM32F1xx_HAL_Driver/Inc -I../Drivers/STM32F1xx_HAL_Driver/Inc/Legacy -I../Drivers/CMSIS/Device/ST/STM32F1xx/Include -I../Drivers/CMSIS/Include -O0 -ffunction-sections -fdata-sections -Wall -fstack-usage -MMD -MP -MF"Drivers/STM32F1xx_HAL_Driver/Src/stm32f1xx_hal_gpio.d" -MT"Drivers/STM32F1xx_HAL_Driver/Src/stm32f1xx_hal_gpio.o" --specs=nano.specs -mfloat-abi=soft -mthumb -o "Drivers/STM32F1xx_HAL_Driver/Src/stm32f1xx_hal_gpio.o"
arm-none-eabi-gcc "../Drivers/STM32F1xx_HAL_Driver/Src/stm32f1xx_hal_gpio_ex.c" -mcpu=cortex-m3 -std=gnu11 -g3 -DDEBUG -DUSE_HAL_DRIVER -DSTM32F103x6 -c -I../Core/Inc -I../Drivers/STM32F1xx_HAL_Driver/Inc -I../Drivers/STM32F1xx_HAL_Driver/Inc/Legacy -I../Drivers/CMSIS/Device/ST/STM32F1xx/Include -I../Drivers/CMSIS/Include -O0 -ffunction-sections -fdata-sections -Wall -fstack-usage -MMD -MP -MF"Drivers/STM32F1xx_HAL_Driver/Src/stm32f1xx_hal_gpio_ex.d" -MT"Drivers/STM32F1xx_HAL_Driver/Src/stm32f1xx_hal_gpio_ex.o" --specs=nano.specs -mfloat-abi=soft -mthumb -o "Drivers/STM32F1xx_HAL_Driver/Src/stm32f1xx_hal_gpio_ex.o"
arm-none-eabi-gcc "../Drivers/STM32F1xx_HAL_Driver/Src/stm32f1xx_hal_pwr.c" -mcpu=cortex-m3 -std=gnu11 -g3 -DDEBUG -DUSE_HAL_DRIVER -DSTM32F103x6 -c -I../Core/Inc -I../Drivers/STM32F1xx_HAL_Driver/Inc -I../Drivers/STM32F1xx_HAL_Driver/Inc/Legacy -I../Drivers/CMSIS/Device/ST/STM32F1xx/Include -I../Drivers/CMSIS/Include -O0 -ffunction-sections -fdata-sections -Wall -fstack-usage -MMD -MP -MF"Drivers/STM32F1xx_HAL_Driver/Src/stm32f1xx_hal_pwr.d" -MT"Drivers/STM32F1xx_HAL_Driver/Src/stm32f1xx_hal_pwr.o" --specs=nano.specs -mfloat-abi=soft -mthumb -o "Drivers/STM32F1xx_HAL_Driver/Src/stm32f1xx_hal_pwr.o"
arm-none-eabi-gcc "../Drivers/STM32F1xx_HAL_Driver/Src/stm32f1xx_hal_rcc.c" -mcpu=cortex-m3 -std=gnu11 -g3 -DDEBUG -DUSE_HAL_DRIVER -DSTM32F103x6 -c -I../Core/Inc -I../Drivers/STM32F1xx_HAL_Driver/Inc -I../Drivers/STM32F1xx_HAL_Driver/Inc/Legacy -I../Drivers/CMSIS/Device/ST/STM32F1xx/Include -I../Drivers/CMSIS/Include -O0 -ffunction-sections -fdata-sections -Wall -fstack-usage -MMD -MP -MF"Drivers/STM32F1xx_HAL_Driver/Src/stm32f1xx_hal_rcc.d" -MT"Drivers/STM32F1xx_HAL_Driver/Src/stm32f1xx_hal_rcc.o" --specs=nano.specs -mfloat-abi=soft -mthumb -o "Drivers/STM32F1xx_HAL_Driver/Src/stm32f1xx_hal_rcc.o"
arm-none-eabi-gcc "../Drivers/STM32F1xx_HAL_Driver/Src/stm32f1xx_hal_rcc_ex.c" -mcpu=cortex-m3 -std=gnu11 -g3 -DDEBUG -DUSE_HAL_DRIVER -DSTM32F103x6 -c -I../Core/Inc -I../Drivers/STM32F1xx_HAL_Driver/Inc -I../Drivers/STM32F1xx_HAL_Driver/Inc/Legacy -I../Drivers/CMSIS/Device/ST/STM32F1xx/Include -I../Drivers/CMSIS/Include -O0 -ffunction-sections -fdata-sections -Wall -fstack-usage -MMD -MP -MF"Drivers/STM32F1xx_HAL_Driver/Src/stm32f1xx_hal_rcc_ex.d" -MT"Drivers/STM32F1xx_HAL_Driver/Src/stm32f1xx_hal_rcc_ex.o" --specs=nano.specs -mfloat-abi=soft -mthumb -o "Drivers/STM32F1xx_HAL_Driver/Src/stm32f1xx_hal_rcc_ex.o"
arm-none-eabi-gcc "../Drivers/STM32F1xx_HAL_Driver/Src/stm32f1xx_hal_tim.c" -mcpu=cortex-m3 -std=gnu11 -g3 -DDEBUG -DUSE_HAL_DRIVER -DSTM32F103x6 -c -I../Core/Inc -I../Drivers/STM32F1xx_HAL_Driver/Inc -I../Drivers/STM32F1xx_HAL_Driver/Inc/Legacy -I../Drivers/CMSIS/Device/ST/STM32F1xx/Include -I../Drivers/CMSIS/Include -O0 -ffunction-sections -fdata-sections -Wall -fstack-usage -MMD -MP -MF"Drivers/STM32F1xx_HAL_Driver/Src/stm32f1xx_hal_tim.d" -MT"Drivers/STM32F1xx_HAL_Driver/Src/stm32f1xx_hal_tim.o" --specs=nano.specs -mfloat-abi=soft -mthumb -o "Drivers/STM32F1xx_HAL_Driver/Src/stm32f1xx_hal_tim.o"
arm-none-eabi-gcc "../Drivers/STM32F1xx_HAL_Driver/Src/stm32f1xx_hal_tim_ex.c" -mcpu=cortex-m3 -std=gnu11 -g3 -DDEBUG -DUSE_HAL_DRIVER -DSTM32F103x6 -c -I../Core/Inc -I../Drivers/STM32F1xx_HAL_Driver/Inc -I../Drivers/STM32F1xx_HAL_Driver/Inc/Legacy -I../Drivers/CMSIS/Device/ST/STM32F1xx/Include -I../Drivers/CMSIS/Include -O0 -ffunction-sections -fdata-sections -Wall -fstack-usage -MMD -MP -MF"Drivers/STM32F1xx_HAL_Driver/Src/stm32f1xx_hal_tim_ex.d" -MT"Drivers/STM32F1xx_HAL_Driver/Src/stm32f1xx_hal_tim_ex.o" --specs=nano.specs -mfloat-abi=soft -mthumb -o "Drivers/STM32F1xx_HAL_Driver/Src/stm32f1xx_hal_tim_ex.o"
arm-none-eabi-gcc "../Core/Src/Ex1.c" -mcpu=cortex-m3 -std=gnu11 -g3 -DDEBUG -DUSE_HAL_DRIVER -DSTM32F103x6 -c -I../Core/Inc -I../Drivers/STM32F1xx_HAL_Driver/Inc -I../Drivers/STM32F1xx_HAL_Driver/Inc/Legacy -I../Drivers/CMSIS/Device/ST/STM32F1xx/Include -I../Drivers/CMSIS/Include -O0 -ffunction-sections -fdata-sections -Wall -fstack-usage -MMD -MP -MF"Core/Src/Ex1.d" -MT"Core/Src/Ex1.o" --specs=nano.specs -mfloat-abi=soft -mthumb -o "Core/Src/Ex1.o"
arm-none-eabi-gcc "../Core/Src/Ex2.c" -mcpu=cortex-m3 -std=gnu11 -g3 -DDEBUG -DUSE_HAL_DRIVER -DSTM32F103x6 -c -I../Core/Inc -I../Drivers/STM32F1xx_HAL_Driver/Inc -I../Drivers/STM32F1xx_HAL_Driver/Inc/Legacy -I../Drivers/CMSIS/Device/ST/STM32F1xx/Include -I../Drivers/CMSIS/Include -O0 -ffunction-sections -fdata-sections -Wall -fstack-usage -MMD -MP -MF"Core/Src/Ex2.d" -MT"Core/Src/Ex2.o" --specs=nano.specs -mfloat-abi=soft -mthumb -o "Core/Src/Ex2.o"
arm-none-eabi-gcc "../Core/Src/main.c" -mcpu=cortex-m3 -std=gnu11 -g3 -DDEBUG -DUSE_HAL_DRIVER -DSTM32F103x6 -c -I../Core/Inc -I../Drivers/STM32F1xx_HAL_Driver/Inc -I../Drivers/STM32F1xx_HAL_Driver/Inc/Legacy -I../Drivers/CMSIS/Device/ST/STM32F1xx/Include -I../Drivers/CMSIS/Include -O0 -ffunction-sections -fdata-sections -Wall -fstack-usage -MMD -MP -MF"Core/Src/main.d" -MT"Core/Src/main.o" --specs=nano.specs -mfloat-abi=soft -mthumb -o "Core/Src/main.o"
arm-none-eabi-gcc "../Core/Src/stm32f1xx_hal_msp.c" -mcpu=cortex-m3 -std=gnu11 -g3 -DDEBUG -DUSE_HAL_DRIVER -DSTM32F103x6 -c -I../Core/Inc -I../Drivers/STM32F1xx_HAL_Driver/Inc -I../Drivers/STM32F1xx_HAL_Driver/Inc/Legacy -I../Drivers/CMSIS/Device/ST/STM32F1xx/Include -I../Drivers/CMSIS/Include -O0 -ffunction-sections -fdata-sections -Wall -fstack-usage -MMD -MP -MF"Core/Src/stm32f1xx_hal_msp.d" -MT"Core/Src/stm32f1xx_hal_msp.o" --specs=nano.specs -mfloat-abi=soft -mthumb -o "Core/Src/stm32f1xx_hal_msp.o"
arm-none-eabi-gcc "../Core/Src/stm32f1xx_it.c" -mcpu=cortex-m3 -std=gnu11 -g3 -DDEBUG -DUSE_HAL_DRIVER -DSTM32F103x6 -c -I../Core/Inc -I../Drivers/STM32F1xx_HAL_Driver/Inc -I../Drivers/STM32F1xx_HAL_Driver/Inc/Legacy -I../Drivers/CMSIS/Device/ST/STM32F1xx/Include -I../Drivers/CMSIS/Include -O0 -ffunction-sections -fdata-sections -Wall -fstack-usage -MMD -MP -MF"Core/Src/stm32f1xx_it.d" -MT"Core/Src/stm32f1xx_it.o" --specs=nano.specs -mfloat-abi=soft -mthumb -o "Core/Src/stm32f1xx_it.o"
arm-none-eabi-gcc "../Core/Src/syscalls.c" -mcpu=cortex-m3 -std=gnu11 -g3 -DDEBUG -DUSE_HAL_DRIVER -DSTM32F103x6 -c -I../Core/Inc -I../Drivers/STM32F1xx_HAL_Driver/Inc -I../Drivers/STM32F1xx_HAL_Driver/Inc/Legacy -I../Drivers/CMSIS/Device/ST/STM32F1xx/Include -I../Drivers/CMSIS/Include -O0 -ffunction-sections -fdata-sections -Wall -fstack-usage -MMD -MP -MF"Core/Src/syscalls.d" -MT"Core/Src/syscalls.o" --specs=nano.specs -mfloat-abi=soft -mthumb -o "Core/Src/syscalls.o"
arm-none-eabi-gcc "../Core/Src/sysmem.c" -mcpu=cortex-m3 -std=gnu11 -g3 -DDEBUG -DUSE_HAL_DRIVER -DSTM32F103x6 -c -I../Core/Inc -I../Drivers/STM32F1xx_HAL_Driver/Inc -I../Drivers/STM32F1xx_HAL_Driver/Inc/Legacy -I../Drivers/CMSIS/Device/ST/STM32F1xx/Include -I../Drivers/CMSIS/Include -O0 -ffunction-sections -fdata-sections -Wall -fstack-usage -MMD -MP -MF"Core/Src/sysmem.d" -MT"Core/Src/sysmem.o" --specs=nano.specs -mfloat-abi=soft -mthumb -o "Core/Src/sysmem.o"
arm-none-eabi-gcc "../Core/Src/system_stm32f1xx.c" -mcpu=cortex-m3 -std=gnu11 -g3 -DDEBUG -DUSE_HAL_DRIVER -DSTM32F103x6 -c -I../Core/Inc -I../Drivers/STM32F1xx_HAL_Driver/Inc -I../Drivers/STM32F1xx_HAL_Driver/Inc/Legacy -I../Drivers/CMSIS/Device/ST/STM32F1xx/Include -I../Drivers/CMSIS/Include -O0 -ffunction-sections -fdata-sections -Wall -fstack-usage -MMD -MP -MF"Core/Src/system_stm32f1xx.d" -MT"Core/Src/system_stm32f1xx.o" --specs=nano.specs -mfloat-abi=soft -mthumb -o "Core/Src/system_stm32f1xx.o"
arm-none-eabi-gcc -o "TIMER_INTERUPT.elf" @"objects.list"   -mcpu=cortex-m3 -T"C:\WORKS\Third_Year\Sem_1\VI_XL\LAB2\TIMER_INTERUPT\STM32F103C6UX_FLASH.ld" --specs=nosys.specs -Wl,-Map="TIMER_INTERUPT.map" -Wl,--gc-sections -static --specs=nano.specs -mfloat-abi=soft -mthumb -Wl,--start-group -lc -lm -Wl,--end-group
Finished building target: TIMER_INTERUPT.elf
 
arm-none-eabi-size   TIMER_INTERUPT.elf 
arm-none-eabi-objdump -h -S  TIMER_INTERUPT.elf  > "TIMER_INTERUPT.list"
   text	   data	    bss	    dec	    hex	filename
   7916	     28	   1644	   9588	   2574	TIMER_INTERUPT.elf
arm-none-eabi-objcopy  -O ihex  TIMER_INTERUPT.elf  "TIMER_INTERUPT.hex"
arm-none-eabi-objcopy  -O binary  TIMER_INTERUPT.elf  "TIMER_INTERUPT.bin"
Finished building: default.size.stdout
 
Finished building: TIMER_INTERUPT.bin
Finished building: TIMER_INTERUPT.hex
 
Finished building: TIMER_INTERUPT.list
 
 
12:07:21 **** Incremental Build of configuration Debug for project TIMER_INTERUPT ****
make -j16 all 
arm-none-eabi-gcc "../Core/Src/main.c" -mcpu=cortex-m3 -std=gnu11 -g3 -DDEBUG -DUSE_HAL_DRIVER -DSTM32F103x6 -c -I../Core/Inc -I../Drivers/STM32F1xx_HAL_Driver/Inc -I../Drivers/STM32F1xx_HAL_Driver/Inc/Legacy -I../Drivers/CMSIS/Device/ST/STM32F1xx/Include -I../Drivers/CMSIS/Include -O0 -ffunction-sections -fdata-sections -Wall -fstack-usage -MMD -MP -MF"Core/Src/main.d" -MT"Core/Src/main.o" --specs=nano.specs -mfloat-abi=soft -mthumb -o "Core/Src/main.o"
arm-none-eabi-gcc -o "TIMER_INTERUPT.elf" @"objects.list"   -mcpu=cortex-m3 -T"C:\WORKS\Third_Year\Sem_1\VI_XL\LAB2\TIMER_INTERUPT\STM32F103C6UX_FLASH.ld" --specs=nosys.specs -Wl,-Map="TIMER_INTERUPT.map" -Wl,--gc-sections -static --specs=nano.specs -mfloat-abi=soft -mthumb -Wl,--start-group -lc -lm -Wl,--end-group
Finished building target: TIMER_INTERUPT.elf
 
arm-none-eabi-size   TIMER_INTERUPT.elf 
arm-none-eabi-objdump -h -S  TIMER_INTERUPT.elf  > "TIMER_INTERUPT.list"
arm-none-eabi-objcopy  -O ihex  TIMER_INTERUPT.elf  "TIMER_INTERUPT.hex"
arm-none-eabi-objcopy  -O binary  TIMER_INTERUPT.elf  "TIMER_INTERUPT.bin"
   text	   data	    bss	    dec	    hex	filename
   7976	     28	   1644	   9648	   25b0	TIMER_INTERUPT.elf
Finished building: default.size.stdout
 
Finished building: TIMER_INTERUPT.bin
Finished building: TIMER_INTERUPT.hex
 
 
Finished building: TIMER_INTERUPT.list
 
12:08:09 **** Incremental Build of configuration Debug for project TIMER_INTERUPT ****
make -j16 all 
arm-none-eabi-gcc "../Core/Src/main.c" -mcpu=cortex-m3 -std=gnu11 -g3 -DDEBUG -DUSE_HAL_DRIVER -DSTM32F103x6 -c -I../Core/Inc -I../Drivers/STM32F1xx_HAL_Driver/Inc -I../Drivers/STM32F1xx_HAL_Driver/Inc/Legacy -I../Drivers/CMSIS/Device/ST/STM32F1xx/Include -I../Drivers/CMSIS/Include -O0 -ffunction-sections -fdata-sections -Wall -fstack-usage -MMD -MP -MF"Core/Src/main.d" -MT"Core/Src/main.o" --specs=nano.specs -mfloat-abi=soft -mthumb -o "Core/Src/main.o"
arm-none-eabi-gcc -o "TIMER_INTERUPT.elf" @"objects.list"   -mcpu=cortex-m3 -T"C:\WORKS\Third_Year\Sem_1\VI_XL\LAB2\TIMER_INTERUPT\STM32F103C6UX_FLASH.ld" --specs=nosys.specs -Wl,-Map="TIMER_INTERUPT.map" -Wl,--gc-sections -static --specs=nano.specs -mfloat-abi=soft -mthumb -Wl,--start-group -lc -lm -Wl,--end-group
Finished building target: TIMER_INTERUPT.elf
 
arm-none-eabi-size   TIMER_INTERUPT.elf 
arm-none-eabi-objdump -h -S  TIMER_INTERUPT.elf  > "TIMER_INTERUPT.list"
arm-none-eabi-objcopy  -O ihex  TIMER_INTERUPT.elf  "TIMER_INTERUPT.hex"
   text	   data	    bss	    dec	    hex	filename
   7976	     28	   1644	   9648	   25b0	TIMER_INTERUPT.elf
arm-none-eabi-objcopy  -O binary  TIMER_INTERUPT.elf  "TIMER_INTERUPT.bin"
Finished building: default.size.stdout
 
Finished building: TIMER_INTERUPT.bin
Finished building: TIMER_INTERUPT.hex
 
 
Finished building: TIMER_INTERUPT.list
 
12:20:57 **** Incremental Build of configuration Debug for project TIMER_INTERUPT ****
make -j16 all 
arm-none-eabi-gcc "../Core/Src/Ex2.c" -mcpu=cortex-m3 -std=gnu11 -g3 -DDEBUG -DUSE_HAL_DRIVER -DSTM32F103x6 -c -I../Core/Inc -I../Drivers/STM32F1xx_HAL_Driver/Inc -I../Drivers/STM32F1xx_HAL_Driver/Inc/Legacy -I../Drivers/CMSIS/Device/ST/STM32F1xx/Include -I../Drivers/CMSIS/Include -O0 -ffunction-sections -fdata-sections -Wall -fstack-usage -MMD -MP -MF"Core/Src/Ex2.d" -MT"Core/Src/Ex2.o" --specs=nano.specs -mfloat-abi=soft -mthumb -o "Core/Src/Ex2.o"
arm-none-eabi-gcc "../Core/Src/main.c" -mcpu=cortex-m3 -std=gnu11 -g3 -DDEBUG -DUSE_HAL_DRIVER -DSTM32F103x6 -c -I../Core/Inc -I../Drivers/STM32F1xx_HAL_Driver/Inc -I../Drivers/STM32F1xx_HAL_Driver/Inc/Legacy -I../Drivers/CMSIS/Device/ST/STM32F1xx/Include -I../Drivers/CMSIS/Include -O0 -ffunction-sections -fdata-sections -Wall -fstack-usage -MMD -MP -MF"Core/Src/main.d" -MT"Core/Src/main.o" --specs=nano.specs -mfloat-abi=soft -mthumb -o "Core/Src/main.o"
../Core/Src/Ex2.c:9:6: error: conflicting types for 'digiClock'
    9 | void digiClock(int *stat){
      |      ^~~~~~~~~
In file included from ../Core/Src/Ex2.c:7:
../Core/Inc/Ex2.h:16:6: note: previous declaration of 'digiClock' was here
   16 | void digiClock(int stat);
      |      ^~~~~~~~~
../Core/Src/Ex2.c: In function 'digiClock':
../Core/Src/Ex2.c:11:8: warning: assignment to 'int *' from 'int' makes pointer from integer without a cast [-Wint-conversion]
   11 |   stat = 1;
      |        ^
../Core/Src/Ex2.c:15:15: warning: comparison between pointer and integer
   15 |  else if(stat == 1){
      |               ^~
../Core/Src/Ex2.c:16:8: warning: assignment to 'int *' from 'int' makes pointer from integer without a cast [-Wint-conversion]
   16 |   stat = 2;
      |        ^
../Core/Src/Ex2.c:20:15: warning: comparison between pointer and integer
   20 |  else if(stat == 2){
      |               ^~
../Core/Src/Ex2.c:21:8: warning: assignment to 'int *' from 'int' makes pointer from integer without a cast [-Wint-conversion]
   21 |   stat = 3;
      |        ^
../Core/Src/Ex2.c:25:15: warning: comparison between pointer and integer
   25 |  else if(stat == 3){
      |               ^~
../Core/Src/Ex2.c:33:10: warning: comparison between pointer and integer
   33 |  if(stat == 1) display7SEG(2);
      |          ^~
../Core/Src/Ex2.c:34:10: warning: comparison between pointer and integer
   34 |  if(stat == 2) display7SEG(3);
      |          ^~
../Core/Src/Ex2.c:35:10: warning: comparison between pointer and integer
   35 |  if(stat == 3) display7SEG(0);
      |          ^~
make: *** [Core/Src/subdir.mk:40: Core/Src/Ex2.o] Error 1
make: *** Waiting for unfinished jobs....
"make -j16 all" terminated with exit code 2. Build might be incomplete.
12:21:57 **** Incremental Build of configuration Debug for project TIMER_INTERUPT ****
make -j16 all 
arm-none-eabi-gcc "../Core/Src/Ex2.c" -mcpu=cortex-m3 -std=gnu11 -g3 -DDEBUG -DUSE_HAL_DRIVER -DSTM32F103x6 -c -I../Core/Inc -I../Drivers/STM32F1xx_HAL_Driver/Inc -I../Drivers/STM32F1xx_HAL_Driver/Inc/Legacy -I../Drivers/CMSIS/Device/ST/STM32F1xx/Include -I../Drivers/CMSIS/Include -O0 -ffunction-sections -fdata-sections -Wall -fstack-usage -MMD -MP -MF"Core/Src/Ex2.d" -MT"Core/Src/Ex2.o" --specs=nano.specs -mfloat-abi=soft -mthumb -o "Core/Src/Ex2.o"
arm-none-eabi-gcc "../Core/Src/main.c" -mcpu=cortex-m3 -std=gnu11 -g3 -DDEBUG -DUSE_HAL_DRIVER -DSTM32F103x6 -c -I../Core/Inc -I../Drivers/STM32F1xx_HAL_Driver/Inc -I../Drivers/STM32F1xx_HAL_Driver/Inc/Legacy -I../Drivers/CMSIS/Device/ST/STM32F1xx/Include -I../Drivers/CMSIS/Include -O0 -ffunction-sections -fdata-sections -Wall -fstack-usage -MMD -MP -MF"Core/Src/main.d" -MT"Core/Src/main.o" --specs=nano.specs -mfloat-abi=soft -mthumb -o "Core/Src/main.o"
In file included from ../Core/Src/main.c:25:
../Core/Inc/Ex2.h:12:10: fatal error: Ex1.c: No such file or directory
   12 | #include "Ex1.c"
      |          ^~~~~~~
In file included from ../Core/Src/Ex2.c:7:
../Core/Inc/Ex2.h:12:10: fatal error: Ex1.c: No such file or directory
   12 | #include "Ex1.c"
      |          ^~~~~~~
compilation terminated.
compilation terminated.
make: *** [Core/Src/subdir.mk:40: Core/Src/Ex2.o] Error 1
make: *** Waiting for unfinished jobs....
make: *** [Core/Src/subdir.mk:40: Core/Src/main.o] Error 1
"make -j16 all" terminated with exit code 2. Build might be incomplete.
12:22:17 **** Incremental Build of configuration Debug for project TIMER_INTERUPT ****
make -j16 all 
arm-none-eabi-gcc "../Core/Src/Ex2.c" -mcpu=cortex-m3 -std=gnu11 -g3 -DDEBUG -DUSE_HAL_DRIVER -DSTM32F103x6 -c -I../Core/Inc -I../Drivers/STM32F1xx_HAL_Driver/Inc -I../Drivers/STM32F1xx_HAL_Driver/Inc/Legacy -I../Drivers/CMSIS/Device/ST/STM32F1xx/Include -I../Drivers/CMSIS/Include -O0 -ffunction-sections -fdata-sections -Wall -fstack-usage -MMD -MP -MF"Core/Src/Ex2.d" -MT"Core/Src/Ex2.o" --specs=nano.specs -mfloat-abi=soft -mthumb -o "Core/Src/Ex2.o"
arm-none-eabi-gcc "../Core/Src/main.c" -mcpu=cortex-m3 -std=gnu11 -g3 -DDEBUG -DUSE_HAL_DRIVER -DSTM32F103x6 -c -I../Core/Inc -I../Drivers/STM32F1xx_HAL_Driver/Inc -I../Drivers/STM32F1xx_HAL_Driver/Inc/Legacy -I../Drivers/CMSIS/Device/ST/STM32F1xx/Include -I../Drivers/CMSIS/Include -O0 -ffunction-sections -fdata-sections -Wall -fstack-usage -MMD -MP -MF"Core/Src/main.d" -MT"Core/Src/main.o" --specs=nano.specs -mfloat-abi=soft -mthumb -o "Core/Src/main.o"
../Core/Src/Ex2.c:9:6: error: conflicting types for 'digiClock'
    9 | void digiClock(int *stat){
      |      ^~~~~~~~~
In file included from ../Core/Src/Ex2.c:7:
../Core/Inc/Ex2.h:16:6: note: previous declaration of 'digiClock' was here
   16 | void digiClock(int stat);
      |      ^~~~~~~~~
../Core/Src/Ex2.c: In function 'digiClock':
../Core/Src/Ex2.c:11:8: warning: assignment to 'int *' from 'int' makes pointer from integer without a cast [-Wint-conversion]
   11 |   stat = 1;
      |        ^
../Core/Src/Ex2.c:15:15: warning: comparison between pointer and integer
   15 |  else if(stat == 1){
      |               ^~
../Core/Src/Ex2.c:16:8: warning: assignment to 'int *' from 'int' makes pointer from integer without a cast [-Wint-conversion]
   16 |   stat = 2;
      |        ^
../Core/Src/Ex2.c:20:15: warning: comparison between pointer and integer
   20 |  else if(stat == 2){
      |               ^~
../Core/Src/Ex2.c:21:8: warning: assignment to 'int *' from 'int' makes pointer from integer without a cast [-Wint-conversion]
   21 |   stat = 3;
      |        ^
../Core/Src/Ex2.c:25:15: warning: comparison between pointer and integer
   25 |  else if(stat == 3){
      |               ^~
../Core/Src/Ex2.c:33:10: warning: comparison between pointer and integer
   33 |  if(stat == 1) display7SEG(2);
      |          ^~
../Core/Src/Ex2.c:34:10: warning: comparison between pointer and integer
   34 |  if(stat == 2) display7SEG(3);
      |          ^~
../Core/Src/Ex2.c:35:10: warning: comparison between pointer and integer
   35 |  if(stat == 3) display7SEG(0);
      |          ^~
make: *** [Core/Src/subdir.mk:40: Core/Src/Ex2.o] Error 1
make: *** Waiting for unfinished jobs....
"make -j16 all" terminated with exit code 2. Build might be incomplete.
12:23:20 **** Incremental Build of configuration Debug for project TIMER_INTERUPT ****
make -j16 all 
arm-none-eabi-gcc "../Core/Src/Ex2.c" -mcpu=cortex-m3 -std=gnu11 -g3 -DDEBUG -DUSE_HAL_DRIVER -DSTM32F103x6 -c -I../Core/Inc -I../Drivers/STM32F1xx_HAL_Driver/Inc -I../Drivers/STM32F1xx_HAL_Driver/Inc/Legacy -I../Drivers/CMSIS/Device/ST/STM32F1xx/Include -I../Drivers/CMSIS/Include -O0 -ffunction-sections -fdata-sections -Wall -fstack-usage -MMD -MP -MF"Core/Src/Ex2.d" -MT"Core/Src/Ex2.o" --specs=nano.specs -mfloat-abi=soft -mthumb -o "Core/Src/Ex2.o"
../Core/Src/Ex2.c:9:20: error: expected ';', ',' or ')' before '&' token
    9 | void digiClock(int &stat){
      |                    ^
make: *** [Core/Src/subdir.mk:40: Core/Src/Ex2.o] Error 1
"make -j16 all" terminated with exit code 2. Build might be incomplete.
12:24:09 **** Incremental Build of configuration Debug for project TIMER_INTERUPT ****
make -j16 all 
[...]
   text	   data	    bss	    dec	    hex	filename
   8460	     40	   1656	  10156	   27ac	TIMER_INTERUPT.elf
Finished building: default.size.stdout
 
Finished building: TIMER_INTERUPT.bin
Finished building: TIMER_INTERUPT.hex
 
 
Finished building: TIMER_INTERUPT.list
 
15:44:50 **** Incremental Build of configuration Debug for project TIMER_INTERUPT ****
make -j16 all 
arm-none-eabi-gcc "../Core/Src/main.c" -mcpu=cortex-m3 -std=gnu11 -g3 -DDEBUG -DUSE_HAL_DRIVER -DSTM32F103x6 -c -I../Core/Inc -I../Drivers/STM32F1xx_HAL_Driver/Inc -I../Drivers/STM32F1xx_HAL_Driver/Inc/Legacy -I../Drivers/CMSIS/Device/ST/STM32F1xx/Include -I../Drivers/CMSIS/Include -O0 -ffunction-sections -fdata-sections -Wall -fstack-usage -MMD -MP -MF"Core/Src/main.d" -MT"Core/Src/main.o" --specs=nano.specs -mfloat-abi=soft -mthumb -o "Core/Src/main.o"
arm-none-eabi-gcc -o "TIMER_INTERUPT.elf" @"objects.list"   -mcpu=cortex-m3 -T"C:\WORKS\Third_Year\Sem_1\VI_XL\LAB2\TIMER_INTERUPT\STM32F103C6UX_FLASH.ld" --specs=nosys.specs -Wl,-Map="TIMER_INTERUPT.map" -Wl,--gc-sections -static --specs=nano.specs -mfloat-abi=soft -mthumb -Wl,--start-group -lc -lm -Wl,--end-group
Finished building target: TIMER_INTERUPT.elf
 
arm-none-eabi-size   TIMER_INTERUPT.elf 
arm-none-eabi-objdump -h -S  TIMER_INTERUPT.elf  > "TIMER_INTERUPT.list"
arm-none-eabi-objcopy  -O ihex  TIMER_INTERUPT.elf  "TIMER_INTERUPT.hex"
arm-none-eabi-objcopy  -O binary  TIMER_INTERUPT.elf  "TIMER_INTERUPT.bin"
   text	   data	    bss	    dec	    hex	filename
   8460	     40	   1656	  10156	   27ac	TIMER_INTERUPT.elf
Finished building: default.size.stdout
 
Finished building: TIMER_INTERUPT.hex
 
Finished building: TIMER_INTERUPT.bin
 
Finished building: TIMER_INTERUPT.list
 
15:45:31 **** Incremental Build of configuration Debug for project TIMER_INTERUPT ****
make -j16 all 
arm-none-eabi-gcc "../Core/Src/main.c" -mcpu=cortex-m3 -std=gnu11 -g3 -DDEBUG -DUSE_HAL_DRIVER -DSTM32F103x6 -c -I../Core/Inc -I../Drivers/STM32F1xx_HAL_Driver/Inc -I../Drivers/STM32F1xx_HAL_Driver/Inc/Legacy -I../Drivers/CMSIS/Device/ST/STM32F1xx/Include -I../Drivers/CMSIS/Include -O0 -ffunction-sections -fdata-sections -Wall -fstack-usage -MMD -MP -MF"Core/Src/main.d" -MT"Core/Src/main.o" --specs=nano.specs -mfloat-abi=soft -mthumb -o "Core/Src/main.o"
arm-none-eabi-gcc -o "TIMER_INTERUPT.elf" @"objects.list"   -mcpu=cortex-m3 -T"C:\WORKS\Third_Year\Sem_1\VI_XL\LAB2\TIMER_INTERUPT\STM32F103C6UX_FLASH.ld" --specs=nosys.specs -Wl,-Map="TIMER_INTERUPT.map" -Wl,--gc-sections -static --specs=nano.specs -mfloat-abi=soft -mthumb -Wl,--start-group -lc -lm -Wl,--end-group
Finished building target: TIMER_INTERUPT.elf
 
arm-none-eabi-size   TIMER_INTERUPT.elf 
arm-none-eabi-objdump -h -S  TIMER_INTERUPT.elf  > "TIMER_INTERUPT.list"
arm-none-eabi-objcopy  -O ihex  TIMER_INTERUPT.elf  "TIMER_INTERUPT.hex"
   text	   data	    bss	    dec	    hex	filename
   8456	     40	   1656	  10152	   27a8	TIMER_INTERUPT.elf
arm-none-eabi-objcopy  -O binary  TIMER_INTERUPT.elf  "TIMER_INTERUPT.bin"
Finished building: default.size.stdout
 
Finished building: TIMER_INTERUPT.hex
Finished building: TIMER_INTERUPT.bin
Finished building: TIMER_INTERUPT.list
 
 
 
15:46:17 **** Incremental Build of configuration Debug for project TIMER_INTERUPT ****
make -j16 all 
arm-none-eabi-gcc "../Core/Src/main.c" -mcpu=cortex-m3 -std=gnu11 -g3 -DDEBUG -DUSE_HAL_DRIVER -DSTM32F103x6 -c -I../Core/Inc -I../Drivers/STM32F1xx_HAL_Driver/Inc -I../Drivers/STM32F1xx_HAL_Driver/Inc/Legacy -I../Drivers/CMSIS/Device/ST/STM32F1xx/Include -I../Drivers/CMSIS/Include -O0 -ffunction-sections -fdata-sections -Wall -fstack-usage -MMD -MP -MF"Core/Src/main.d" -MT"Core/Src/main.o" --specs=nano.specs -mfloat-abi=soft -mthumb -o "Core/Src/main.o"
arm-none-eabi-gcc -o "TIMER_INTERUPT.elf" @"objects.list"   -mcpu=cortex-m3 -T"C:\WORKS\Third_Year\Sem_1\VI_XL\LAB2\TIMER_INTERUPT\STM32F103C6UX_FLASH.ld" --specs=nosys.specs -Wl,-Map="TIMER_INTERUPT.map" -Wl,--gc-sections -static --specs=nano.specs -mfloat-abi=soft -mthumb -Wl,--start-group -lc -lm -Wl,--end-group
Finished building target: TIMER_INTERUPT.elf
 
arm-none-eabi-size   TIMER_INTERUPT.elf 
arm-none-eabi-objdump -h -S  TIMER_INTERUPT.elf  > "TIMER_INTERUPT.list"
arm-none-eabi-objcopy  -O ihex  TIMER_INTERUPT.elf  "TIMER_INTERUPT.hex"
arm-none-eabi-objcopy  -O binary  TIMER_INTERUPT.elf  "TIMER_INTERUPT.bin"
   text	   data	    bss	    dec	    hex	filename
   8460	     40	   1656	  10156	   27ac	TIMER_INTERUPT.elf
Finished building: default.size.stdout
Finished building: TIMER_INTERUPT.hex
Finished building: TIMER_INTERUPT.list
Finished building: TIMER_INTERUPT.bin
 
 
 
 
11:30:12 **** Incremental Build of configuration Debug for project TIMER_INTERUPT ****
make -j16 all 
arm-none-eabi-gcc "../Core/Src/main.c" -mcpu=cortex-m3 -std=gnu11 -g3 -DDEBUG -DUSE_HAL_DRIVER -DSTM32F103x6 -c -I../Core/Inc -I../Drivers/STM32F1xx_HAL_Driver/Inc -I../Drivers/STM32F1xx_HAL_Driver/Inc/Legacy -I../Drivers/CMSIS/Device/ST/STM32F1xx/Include -I../Drivers/CMSIS/Include -O0 -ffunction-sections -fdata-sections -Wall -fstack-usage -MMD -MP -MF"Core/Src/main.d" -MT"Core/Src/main.o" --specs=nano.specs -mfloat-abi=soft -mthumb -o "Core/Src/main.o"
../Core/Src/main.c: In function 'main':
../Core/Src/main.c:100:7: warning: unused variable 'lecounter' [-Wunused-variable]
  100 |   int lecounter = led_count;
      |       ^~~~~~~~~
../Core/Src/main.c:99:7: warning: unused variable 'counter' [-Wunused-variable]
   99 |   int counter = time_count;
      |       ^~~~~~~
arm-none-eabi-gcc -o "TIMER_INTERUPT.elf" @"objects.list"   -mcpu=cortex-m3 -T"C:\WORKS\Third_Year\Sem_1\VI_XL\LAB2\TIMER_INTERUPT\STM32F103C6UX_FLASH.ld" --specs=nosys.specs -Wl,-Map="TIMER_INTERUPT.map" -Wl,--gc-sections -static --specs=nano.specs -mfloat-abi=soft -mthumb -Wl,--start-group -lc -lm -Wl,--end-group
Finished building target: TIMER_INTERUPT.elf
 
arm-none-eabi-size   TIMER_INTERUPT.elf 
arm-none-eabi-objdump -h -S  TIMER_INTERUPT.elf  > "TIMER_INTERUPT.list"
arm-none-eabi-objcopy  -O ihex  TIMER_INTERUPT.elf  "TIMER_INTERUPT.hex"
arm-none-eabi-objcopy  -O binary  TIMER_INTERUPT.elf  "TIMER_INTERUPT.bin"
   text	   data	    bss	    dec	    hex	filename
   8428	     40	   1656	  10124	   278c	TIMER_INTERUPT.elf
Finished building: default.size.stdout
 
Finished building: TIMER_INTERUPT.hex
Finished building: TIMER_INTERUPT.bin
 
 
Finished building: TIMER_INTERUPT.list
 
11:30:22 **** Incremental Build of configuration Debug for project TIMER_INTERUPT ****
make -j16 all 
arm-none-eabi-gcc "../Core/Src/main.c" -mcpu=cortex-m3 -std=gnu11 -g3 -DDEBUG -DUSE_HAL_DRIVER -DSTM32F103x6 -c -I../Core/Inc -I../Drivers/STM32F1xx_HAL_Driver/Inc -I../Drivers/STM32F1xx_HAL_Driver/Inc/Legacy -I../Drivers/CMSIS/Device/ST/STM32F1xx/Include -I../Drivers/CMSIS/Include -O0 -ffunction-sections -fdata-sections -Wall -fstack-usage -MMD -MP -MF"Core/Src/main.d" -MT"Core/Src/main.o" --specs=nano.specs -mfloat-abi=soft -mthumb -o "Core/Src/main.o"
arm-none-eabi-gcc -o "TIMER_INTERUPT.elf" @"objects.list"   -mcpu=cortex-m3 -T"C:\WORKS\Third_Year\Sem_1\VI_XL\LAB2\TIMER_INTERUPT\STM32F103C6UX_FLASH.ld" --specs=nosys.specs -Wl,-Map="TIMER_INTERUPT.map" -Wl,--gc-sections -static --specs=nano.specs -mfloat-abi=soft -mthumb -Wl,--start-group -lc -lm -Wl,--end-group
Finished building target: TIMER_INTERUPT.elf
 
arm-none-eabi-size   TIMER_INTERUPT.elf 
arm-none-eabi-objdump -h -S  TIMER_INTERUPT.elf  > "TIMER_INTERUPT.list"
   text	   data	    bss	    dec	    hex	filename
   8420	     40	   1656	  10116	   2784	TIMER_INTERUPT.elf
arm-none-eabi-objcopy  -O ihex  TIMER_INTERUPT.elf  "TIMER_INTERUPT.hex"
arm-none-eabi-objcopy  -O binary  TIMER_INTERUPT.elf  "TIMER_INTERUPT.bin"
Finished building: default.size.stdout
 
Finished building: TIMER_INTERUPT.hex
Finished building: TIMER_INTERUPT.bin
 
 
Finished building: TIMER_INTERUPT.list
 
11:30:59 **** Incremental Build of configuration Debug for project TIMER_INTERUPT ****
make -j16 all 
arm-none-eabi-gcc "../Core/Src/main.c" -mcpu=cortex-m3 -std=gnu11 -g3 -DDEBUG -DUSE_HAL_DRIVER -DSTM32F103x6 -c -I../Core/Inc -I../Drivers/STM32F1xx_HAL_Driver/Inc -I../Drivers/STM32F1xx_HAL_Driver/Inc/Legacy -I../Drivers/CMSIS/Device/ST/STM32F1xx/Include -I../Drivers/CMSIS/Include -O0 -ffunction-sections -fdata-sections -Wall -fstack-usage -MMD -MP -MF"Core/Src/main.d" -MT"Core/Src/main.o" --specs=nano.specs -mfloat-abi=soft -mthumb -o "Core/Src/main.o"
arm-none-eabi-gcc -o "TIMER_INTERUPT.elf" @"objects.list"   -mcpu=cortex-m3 -T"C:\WORKS\Third_Year\Sem_1\VI_XL\LAB2\TIMER_INTERUPT\STM32F103C6UX_FLASH.ld" --specs=nosys.specs -Wl,-Map="TIMER_INTERUPT.map" -Wl,--gc-sections -static --specs=nano.specs -mfloat-abi=soft -mthumb -Wl,--start-group -lc -lm -Wl,--end-group
Finished building target: TIMER_INTERUPT.elf
 
arm-none-eabi-size   TIMER_INTERUPT.elf 
arm-none-eabi-objdump -h -S  TIMER_INTERUPT.elf  > "TIMER_INTERUPT.list"
arm-none-eabi-objcopy  -O ihex  TIMER_INTERUPT.elf  "TIMER_INTERUPT.hex"
   text	   data	    bss	    dec	    hex	filename
   8420	     40	   1656	  10116	   2784	TIMER_INTERUPT.elf
arm-none-eabi-objcopy  -O binary  TIMER_INTERUPT.elf  "TIMER_INTERUPT.bin"
Finished building: default.size.stdout
 
Finished building: TIMER_INTERUPT.hex
Finished building: TIMER_INTERUPT.bin
 
 
Finished building: TIMER_INTERUPT.list
 
11:32:52 **** Incremental Build of configuration Debug for project TIMER_INTERUPT ****
make -j16 all 
arm-none-eabi-gcc "../Core/Src/main.c" -mcpu=cortex-m3 -std=gnu11 -g3 -DDEBUG -DUSE_HAL_DRIVER -DSTM32F103x6 -c -I../Core/Inc -I../Drivers/STM32F1xx_HAL_Driver/Inc -I../Drivers/STM32F1xx_HAL_Driver/Inc/Legacy -I../Drivers/CMSIS/Device/ST/STM32F1xx/Include -I../Drivers/CMSIS/Include -O0 -ffunction-sections -fdata-sections -Wall -fstack-usage -MMD -MP -MF"Core/Src/main.d" -MT"Core/Src/main.o" --specs=nano.specs -mfloat-abi=soft -mthumb -o "Core/Src/main.o"
arm-none-eabi-gcc -o "TIMER_INTERUPT.elf" @"objects.list"   -mcpu=cortex-m3 -T"C:\WORKS\Third_Year\Sem_1\VI_XL\LAB2\TIMER_INTERUPT\STM32F103C6UX_FLASH.ld" --specs=nosys.specs -Wl,-Map="TIMER_INTERUPT.map" -Wl,--gc-sections -static --specs=nano.specs -mfloat-abi=soft -mthumb -Wl,--start-group -lc -lm -Wl,--end-group
Finished building target: TIMER_INTERUPT.elf
 
arm-none-eabi-size   TIMER_INTERUPT.elf 
arm-none-eabi-objdump -h -S  TIMER_INTERUPT.elf  > "TIMER_INTERUPT.list"
arm-none-eabi-objcopy  -O ihex  TIMER_INTERUPT.elf  "TIMER_INTERUPT.hex"
   text	   data	    bss	    dec	    hex	filename
   8420	     40	   1656	  10116	   2784	TIMER_INTERUPT.elf
arm-none-eabi-objcopy  -O binary  TIMER_INTERUPT.elf  "TIMER_INTERUPT.bin"
Finished building: default.size.stdout
 
Finished building: TIMER_INTERUPT.hex
Finished building: TIMER_INTERUPT.bin
Finished building: TIMER_INTERUPT.list
 
 
 
11:33:05 **** Incremental Build of configuration Debug for project TIMER_INTERUPT ****
make -j16 all 
arm-none-eabi-gcc "../Core/Src/main.c" -mcpu=cortex-m3 -std=gnu11 -g3 -DDEBUG -DUSE_HAL_DRIVER -DSTM32F103x6 -c -I../Core/Inc -I../Drivers/STM32F1xx_HAL_Driver/Inc -I../Drivers/STM32F1xx_HAL_Driver/Inc/Legacy -I../Drivers/CMSIS/Device/ST/STM32F1xx/Include -I../Drivers/CMSIS/Include -O0 -ffunction-sections -fdata-sections -Wall -fstack-usage -MMD -MP -MF"Core/Src/main.d" -MT"Core/Src/main.o" --specs=nano.specs -mfloat-abi=soft -mthumb -o "Core/Src/main.o"
arm-none-eabi-gcc -o "TIMER_INTERUPT.elf" @"objects.list"   -mcpu=cortex-m3 -T"C:\WORKS\Third_Year\Sem_1\VI_XL\LAB2\TIMER_INTERUPT\STM32F103C6UX_FLASH.ld" --specs=nosys.specs -Wl,-Map="TIMER_INTERUPT.map" -Wl,--gc-sections -static --specs=nano.specs -mfloat-abi=soft -mthumb -Wl,--start-group -lc -lm -Wl,--end-group
Finished building target: TIMER_INTERUPT.elf
 
arm-none-eabi-size   TIMER_INTERUPT.elf 
arm-none-eabi-objdump -h -S  TIMER_INTERUPT.elf  > "TIMER_INTERUPT.list"
   text	   data	    bss	    dec	    hex	filename
   8420	     40	   1656	  10116	   2784	TIMER_INTERUPT.elf
arm-none-eabi-objcopy  -O ihex  TIMER_INTERUPT.elf  "TIMER_INTERUPT.hex"
arm-none-eabi-objcopy  -O binary  TIMER_INTERUPT.elf  "TIMER_INTERUPT.bin"
Finished building: default.size.stdout
 
Finished building: TIMER_INTERUPT.hex
Finished building: TIMER_INTERUPT.bin
 
Finished building: TIMER_INTERUPT.list
 
 
11:42:17 **** Incremental Build of configuration Debug for project TIMER_INTERUPT ****
make -j16 all 
arm-none-eabi-gcc "../Core/Src/main.c" -mcpu=cortex-m3 -std=gnu11 -g3 -DDEBUG -DUSE_HAL_DRIVER -DSTM32F103x6 -c -I../Core/Inc -I../Drivers/STM32F1xx_HAL_Driver/Inc -I../Drivers/STM32F1xx_HAL_Driver/Inc/Legacy -I../Drivers/CMSIS/Device/ST/STM32F1xx/Include -I../Drivers/CMSIS/Include -O0 -ffunction-sections -fdata-sections -Wall -fstack-usage -MMD -MP -MF"Core/Src/main.d" -MT"Core/Src/main.o" --specs=nano.specs -mfloat-abi=soft -mthumb -o "Core/Src/main.o"
arm-none-eabi-gcc -o "TIMER_INTERUPT.elf" @"objects.list"   -mcpu=cortex-m3 -T"C:\WORKS\Third_Year\Sem_1\VI_XL\LAB2\TIMER_INTERUPT\STM32F103C6UX_FLASH.ld" --specs=nosys.specs -Wl,-Map="TIMER_INTERUPT.map" -Wl,--gc-sections -static --specs=nano.specs -mfloat-abi=soft -mthumb -Wl,--start-group -lc -lm -Wl,--end-group
Finished building target: TIMER_INTERUPT.elf
 
arm-none-eabi-size   TIMER_INTERUPT.elf 
arm-none-eabi-objdump -h -S  TIMER_INTERUPT.elf  > "TIMER_INTERUPT.list"
arm-none-eabi-objcopy  -O ihex  TIMER_INTERUPT.elf  "TIMER_INTERUPT.hex"
   text	   data	    bss	    dec	    hex	filename
   8420	     40	   1656	  10116	   2784	TIMER_INTERUPT.elf
arm-none-eabi-objcopy  -O binary  TIMER_INTERUPT.elf  "TIMER_INTERUPT.bin"
Finished building: default.size.stdout
 
Finished building: TIMER_INTERUPT.bin
Finished building: TIMER_INTERUPT.hex
 
 
Finished building: TIMER_INTERUPT.list
 
11:44:16 **** Incremental Build of configuration Debug for project TIMER_INTERUPT ****
make -j16 all 
arm-none-eabi-gcc "../Core/Src/Ex7.c" -mcpu=cortex-m3 -std=gnu11 -g3 -DDEBUG -DUSE_HAL_DRIVER -DSTM32F103x6 -c -I../Core/Inc -I../Drivers/STM32F1xx_HAL_Driver/Inc -I../Drivers/STM32F1xx_HAL_Driver/Inc/Legacy -I../Drivers/CMSIS/Device/ST/STM32F1xx/Include -I../Drivers/CMSIS/Include -O0 -ffunction-sections -fdata-sections -Wall -fstack-usage -MMD -MP -MF"Core/Src/Ex7.d" -MT"Core/Src/Ex7.o" --specs=nano.specs -mfloat-abi=soft -mthumb -o "Core/Src/Ex7.o"
arm-none-eabi-gcc "../Core/Src/main.c" -mcpu=cortex-m3 -std=gnu11 -g3 -DDEBUG -DUSE_HAL_DRIVER -DSTM32F103x6 -c -I../Core/Inc -I../Drivers/STM32F1xx_HAL_Driver/Inc -I../Drivers/STM32F1xx_HAL_Driver/Inc/Legacy -I../Drivers/CMSIS/Device/ST/STM32F1xx/Include -I../Drivers/CMSIS/Include -O0 -ffunction-sections -fdata-sections -Wall -fstack-usage -MMD -MP -MF"Core/Src/main.d" -MT"Core/Src/main.o" --specs=nano.specs -mfloat-abi=soft -mthumb -o "Core/Src/main.o"
arm-none-eabi-gcc -o "TIMER_INTERUPT.elf" @"objects.list"   -mcpu=cortex-m3 -T"C:\WORKS\Third_Year\Sem_1\VI_XL\LAB2\TIMER_INTERUPT\STM32F103C6UX_FLASH.ld" --specs=nosys.specs -Wl,-Map="TIMER_INTERUPT.map" -Wl,--gc-sections -static --specs=nano.specs -mfloat-abi=soft -mthumb -Wl,--start-group -lc -lm -Wl,--end-group
Finished building target: TIMER_INTERUPT.elf
 
arm-none-eabi-size   TIMER_INTERUPT.elf 
arm-none-eabi-objdump -h -S  TIMER_INTERUPT.elf  > "TIMER_INTERUPT.list"
arm-none-eabi-objcopy  -O ihex  TIMER_INTERUPT.elf  "TIMER_INTERUPT.hex"
   text	   data	    bss	    dec	    hex	filename
   8424	     40	   1656	  10120	   2788	TIMER_INTERUPT.elf
arm-none-eabi-objcopy  -O binary  TIMER_INTERUPT.elf  "TIMER_INTERUPT.bin"
Finished building: default.size.stdout
 
Finished building: TIMER_INTERUPT.hex
Finished building: TIMER_INTERUPT.bin
 
 
Finished building: TIMER_INTERUPT.list
 
11:49:46 **** Incremental Build of configuration Debug for project TIMER_INTERUPT ****
make -j16 all 
arm-none-eabi-gcc "../Core/Src/main.c" -mcpu=cortex-m3 -std=gnu11 -g3 -DDEBUG -DUSE_HAL_DRIVER -DSTM32F103x6 -c -I../Core/Inc -I../Drivers/STM32F1xx_HAL_Driver/Inc -I../Drivers/STM32F1xx_HAL_Driver/Inc/Legacy -I../Drivers/CMSIS/Device/ST/STM32F1xx/Include -I../Drivers/CMSIS/Include -O0 -ffunction-sections -fdata-sections -Wall -fstack-usage -MMD -MP -MF"Core/Src/main.d" -MT"Core/Src/main.o" --specs=nano.specs -mfloat-abi=soft -mthumb -o "Core/Src/main.o"
arm-none-eabi-gcc -o "TIMER_INTERUPT.elf" @"objects.list"   -mcpu=cortex-m3 -T"C:\WORKS\Third_Year\Sem_1\VI_XL\LAB2\TIMER_INTERUPT\STM32F103C6UX_FLASH.ld" --specs=nosys.specs -Wl,-Map="TIMER_INTERUPT.map" -Wl,--gc-sections -static --specs=nano.specs -mfloat-abi=soft -mthumb -Wl,--start-group -lc -lm -Wl,--end-group
Finished building target: TIMER_INTERUPT.elf
 
arm-none-eabi-size   TIMER_INTERUPT.elf 
arm-none-eabi-objdump -h -S  TIMER_INTERUPT.elf  > "TIMER_INTERUPT.list"
arm-none-eabi-objcopy  -O ihex  TIMER_INTERUPT.elf  "TIMER_INTERUPT.hex"
   text	   data	    bss	    dec	    hex	filename
   8424	     40	   1656	  10120	   2788	TIMER_INTERUPT.elf
arm-none-eabi-objcopy  -O binary  TIMER_INTERUPT.elf  "TIMER_INTERUPT.bin"
Finished building: default.size.stdout
 
Finished building: TIMER_INTERUPT.bin
Finished building: TIMER_INTERUPT.hex
 
 
Finished building: TIMER_INTERUPT.list
 
11:51:18 **** Incremental Build of configuration Debug for project TIMER_INTERUPT ****
make -j16 all 
arm-none-eabi-gcc "../Core/Src/main.c" -mcpu=cortex-m3 -std=gnu11 -g3 -DDEBUG -DUSE_HAL_DRIVER -DSTM32F103x6 -c -I../Core/Inc -I../Drivers/STM32F1xx_HAL_Driver/Inc -I../Drivers/STM32F1xx_HAL_Driver/Inc/Legacy -I../Drivers/CMSIS/Device/ST/STM32F1xx/Include -I../Drivers/CMSIS/Include -O0 -ffunction-sections -fdata-sections -Wall -fstack-usage -MMD -MP -MF"Core/Src/main.d" -MT"Core/Src/main.o" --specs=nano.specs -mfloat-abi=soft -mthumb -o "Core/Src/main.o"
arm-none-eabi-gcc -o "TIMER_INTERUPT.elf" @"objects.list"   -mcpu=cortex-m3 -T"C:\WORKS\Third_Year\Sem_1\VI_XL\LAB2\TIMER_INTERUPT\STM32F103C6UX_FLASH.ld" --specs=nosys.specs -Wl,-Map="TIMER_INTERUPT.map" -Wl,--gc-sections -static --specs=nano.specs -mfloat-abi=soft -mthumb -Wl,--start-group -lc -lm -Wl,--end-group
Finished building target: TIMER_INTERUPT.elf
 
arm-none-eabi-size   TIMER_INTERUPT.elf 
arm-none-eabi-objdump -h -S  TIMER_INTERUPT.elf  > "TIMER_INTERUPT.list"
arm-none-eabi-objcopy  -O ihex  TIMER_INTERUPT.elf  "TIMER_INTERUPT.hex"
arm-none-eabi-objcopy  -O binary  TIMER_INTERUPT.elf  "TIMER_INTERUPT.bin"
   text	   data	    bss	    dec	    hex	filename
   8424	     40	   1656	  10120	   2788	TIMER_INTERUPT.elf
Finished building: default.size.stdout
 
Finished building: TIMER_INTERUPT.bin
Finished building: TIMER_INTERUPT.hex
 
 
Finished building: TIMER_INTERUPT.list
 
14:20:07 **** Incremental Build of configuration Debug for project TIMER_INTERUPT ****
make -j16 all 
arm-none-eabi-gcc "../Core/Src/main.c" -mcpu=cortex-m3 -std=gnu11 -g3 -DDEBUG -DUSE_HAL_DRIVER -DSTM32F103x6 -c -I../Core/Inc -I../Drivers/STM32F1xx_HAL_Driver/Inc -I../Drivers/STM32F1xx_HAL_Driver/Inc/Legacy -I../Drivers/CMSIS/Device/ST/STM32F1xx/Include -I../Drivers/CMSIS/Include -O0 -ffunction-sections -fdata-sections -Wall -fstack-usage -MMD -MP -MF"Core/Src/main.d" -MT"Core/Src/main.o" --specs=nano.specs -mfloat-abi=soft -mthumb -o "Core/Src/main.o"
arm-none-eabi-gcc -o "TIMER_INTERUPT.elf" @"objects.list"   -mcpu=cortex-m3 -T"C:\WORKS\Third_Year\Sem_1\VI_XL\LAB2\TIMER_INTERUPT\STM32F103C6UX_FLASH.ld" --specs=nosys.specs -Wl,-Map="TIMER_INTERUPT.map" -Wl,--gc-sections -static --specs=nano.specs -mfloat-abi=soft -mthumb -Wl,--start-group -lc -lm -Wl,--end-group
Finished building target: TIMER_INTERUPT.elf
 
arm-none-eabi-size   TIMER_INTERUPT.elf 
arm-none-eabi-objdump -h -S  TIMER_INTERUPT.elf  > "TIMER_INTERUPT.list"
arm-none-eabi-objcopy  -O ihex  TIMER_INTERUPT.elf  "TIMER_INTERUPT.hex"
arm-none-eabi-objcopy  -O binary  TIMER_INTERUPT.elf  "TIMER_INTERUPT.bin"
   text	   data	    bss	    dec	    hex	filename
   8424	     40	   1656	  10120	   2788	TIMER_INTERUPT.elf
Finished building: default.size.stdout
 
Finished building: TIMER_INTERUPT.hex
 
Finished building: TIMER_INTERUPT.bin
Finished building: TIMER_INTERUPT.list
 
 
